Component: ARM Compiler 5.05 update 1 (build 106) Tool: armlink [4d0efa]

==============================================================================

Section Cross References

    main.o(i.FrameTest) refers to framebox.o(i.FrameClear) for FrameClear
    main.o(i.FrameTest) refers to framebox.o(i.FrameFullAera) for FrameFullAera
    main.o(i.FrameTest) refers to framebox.o(i.FrameDrawRectangle) for FrameDrawRectangle
    main.o(i.FrameTest) refers to framebox.o(i.FrameDrawCircle) for FrameDrawCircle
    main.o(i.FrameTest) refers to framebox.o(i.FrameShowString) for FrameShowString
    main.o(i.MicroSDTest) refers to _printf_percent.o(.ARM.Collect$$_printf_percent$$00000000) for _printf_percent
    main.o(i.MicroSDTest) refers to _printf_s.o(.ARM.Collect$$_printf_percent$$00000014) for _printf_s
    main.o(i.MicroSDTest) refers to _printf_str.o(.text) for _printf_str
    main.o(i.MicroSDTest) refers to microsd.o(i.ReadSectorFromMicroSD) for ReadSectorFromMicroSD
    main.o(i.MicroSDTest) refers to noretval__2printf.o(.text) for __2printf
    main.o(i.MicroSDTest) refers to microsd.o(.bss) for MicroSDDataBuff
    main.o(i.W25Q128Test) refers to _printf_percent.o(.ARM.Collect$$_printf_percent$$00000000) for _printf_percent
    main.o(i.W25Q128Test) refers to _printf_s.o(.ARM.Collect$$_printf_percent$$00000014) for _printf_s
    main.o(i.W25Q128Test) refers to _printf_str.o(.text) for _printf_str
    main.o(i.W25Q128Test) refers to rt_memclr_w.o(.text) for __aeabi_memclr4
    main.o(i.W25Q128Test) refers to w25q128.o(i.W25QXX_Read) for W25QXX_Read
    main.o(i.W25Q128Test) refers to noretval__2printf.o(.text) for __2printf
    main.o(i.drawParten) refers to ps2.o(i.PS2_ClearData) for PS2_ClearData
    main.o(i.drawParten) refers to ps2.o(i.PS2_ReadData) for PS2_ReadData
    main.o(i.drawParten) refers to ps2.o(i.PS2_DataKey) for PS2_DataKey
    main.o(i.drawParten) refers to framebox.o(i.FrameClear) for FrameClear
    main.o(i.drawParten) refers to framebox.o(i.FrameFullAera) for FrameFullAera
    main.o(i.drawParten) refers to main.o(.data) for y
    main.o(i.exfuns_init) refers to malloc.o(i.mymalloc) for mymalloc
    main.o(i.exfuns_init) refers to main.o(.data) for fs
    main.o(i.main) refers to init.o(i.Init) for Init
    main.o(i.main) refers to delay.o(i.delay_ms) for delay_ms
    main.o(i.main) refers to noretval__2printf.o(.text) for __2printf
    main.o(i.main) refers to ps2.o(i.PS2_RedLight) for PS2_RedLight
    main.o(i.main) refers to main.o(i.MicroSDTest) for MicroSDTest
    main.o(i.main) refers to main.o(i.W25Q128Test) for W25Q128Test
    main.o(i.main) refers to main.o(i.FrameTest) for FrameTest
    main.o(i.main) refers to main.o(i.exfuns_init) for exfuns_init
    main.o(i.main) refers to ff.o(i.f_open) for f_open
    main.o(i.main) refers to ff.o(i.f_write) for f_write
    main.o(i.main) refers to ff.o(i.f_close) for f_close
    main.o(i.main) refers to main.o(i.drawParten) for drawParten
    main.o(i.main) refers to led.o(i.LEDOn) for LEDOn
    main.o(i.main) refers to led.o(i.LEDOff) for LEDOff
    delay.o(i.delay_init) refers to misc.o(i.SysTick_CLKSourceConfig) for SysTick_CLKSourceConfig
    delay.o(i.delay_init) refers to system_stm32f10x.o(.data) for SystemCoreClock
    delay.o(i.delay_init) refers to delay.o(.data) for fac_us
    delay.o(i.delay_init1) refers to misc.o(i.SysTick_CLKSourceConfig) for SysTick_CLKSourceConfig
    delay.o(i.delay_init1) refers to delay.o(.data) for fac_us
    delay.o(i.delay_ms) refers to delay.o(.data) for fac_ms
    delay.o(i.delay_us) refers to delay.o(.data) for fac_us
    led.o(i.LEDInit) refers to stm32f10x_rcc.o(i.RCC_APB2PeriphClockCmd) for RCC_APB2PeriphClockCmd
    led.o(i.LEDInit) refers to stm32f10x_gpio.o(i.GPIO_Init) for GPIO_Init
    led.o(i.LEDInit) refers to stm32f10x_gpio.o(i.GPIO_SetBits) for GPIO_SetBits
    led.o(i.LEDOff) refers to stm32f10x_gpio.o(i.GPIO_SetBits) for GPIO_SetBits
    led.o(i.LEDOn) refers to stm32f10x_gpio.o(i.GPIO_ResetBits) for GPIO_ResetBits
    uart.o(i.USART1_IRQHandler) refers (Special) to use_no_semi_2.o(.text) for __use_no_semihosting
    uart.o(i.USART1_IRQHandler) refers to stm32f10x_usart.o(i.USART_GetITStatus) for USART_GetITStatus
    uart.o(i.USART1_IRQHandler) refers to stm32f10x_usart.o(i.USART_ReceiveData) for USART_ReceiveData
    uart.o(i.USART1_IRQHandler) refers to uart.o(.data) for USART_RX_STA
    uart.o(i.USART1_IRQHandler) refers to uart.o(.bss) for USART_RX_BUF
    uart.o(i.UsartInit) refers (Special) to use_no_semi_2.o(.text) for __use_no_semihosting
    uart.o(i.UsartInit) refers to stm32f10x_rcc.o(i.RCC_APB2PeriphClockCmd) for RCC_APB2PeriphClockCmd
    uart.o(i.UsartInit) refers to stm32f10x_gpio.o(i.GPIO_Init) for GPIO_Init
    uart.o(i.UsartInit) refers to misc.o(i.NVIC_Init) for NVIC_Init
    uart.o(i.UsartInit) refers to stm32f10x_usart.o(i.USART_Init) for USART_Init
    uart.o(i.UsartInit) refers to stm32f10x_usart.o(i.USART_ITConfig) for USART_ITConfig
[...]
    ../clib/printf.c                         0x00000000   Number         0  _printf_char_file.o ABSOLUTE
    ../clib/printf.c                         0x00000000   Number         0  __printf.o ABSOLUTE
    ../clib/printf.c                         0x00000000   Number         0  _printf_char.o ABSOLUTE
    ../clib/printf.c                         0x00000000   Number         0  __printf_flags_ss_wp.o ABSOLUTE
    ../clib/printf.c                         0x00000000   Number         0  __2printf.o ABSOLUTE
    ../clib/printf.c                         0x00000000   Number         0  noretval__2printf.o ABSOLUTE
    ../clib/printf.c                         0x00000000   Number         0  __printf_flags.o ABSOLUTE
    ../clib/printf_percent.s                 0x00000000   Number         0  _printf_percent_end.o ABSOLUTE
    ../clib/printf_percent.s                 0x00000000   Number         0  _printf_percent.o ABSOLUTE
    ../clib/printf_percent.s                 0x00000000   Number         0  _printf_s.o ABSOLUTE
    ../clib/signal.c                         0x00000000   Number         0  defsig_rtmem_outer.o ABSOLUTE
    ../clib/signal.c                         0x00000000   Number         0  defsig_stak_inner.o ABSOLUTE
    ../clib/signal.c                         0x00000000   Number         0  defsig_pvfn_inner.o ABSOLUTE
    ../clib/signal.c                         0x00000000   Number         0  defsig_cppl_inner.o ABSOLUTE
    ../clib/signal.c                         0x00000000   Number         0  defsig_segv_inner.o ABSOLUTE
    ../clib/signal.c                         0x00000000   Number         0  defsig_other.o ABSOLUTE
    ../clib/signal.c                         0x00000000   Number         0  defsig_rtmem_formal.o ABSOLUTE
    ../clib/signal.c                         0x00000000   Number         0  defsig_rtred_inner.o ABSOLUTE
    ../clib/signal.c                         0x00000000   Number         0  defsig_rtmem_inner.o ABSOLUTE
    ../clib/signal.c                         0x00000000   Number         0  __raise.o ABSOLUTE
    ../clib/signal.c                         0x00000000   Number         0  defsig_general.o ABSOLUTE
    ../clib/signal.c                         0x00000000   Number         0  defsig_exit.o ABSOLUTE
    ../clib/signal.c                         0x00000000   Number         0  defsig_abrt_inner.o ABSOLUTE
    ../clib/signal.c                         0x00000000   Number         0  defsig_fpe_inner.o ABSOLUTE
    ../clib/signal.s                         0x00000000   Number         0  defsig.o ABSOLUTE
    ../clib/stdio.c                          0x00000000   Number         0  ferror_locked.o ABSOLUTE
    ../clib/stdio.c                          0x00000000   Number         0  ferror.o ABSOLUTE
    ../clib/stdlib.c                         0x00000000   Number         0  exit.o ABSOLUTE
    ../fplib/d2f.s                           0x00000000   Number         0  d2f.o ABSOLUTE
    ../fplib/daddsub.s                       0x00000000   Number         0  daddsub_clz.o ABSOLUTE
    ../fplib/dcmpi.s                         0x00000000   Number         0  dcmpi.o ABSOLUTE
    ../fplib/ddiv.s                          0x00000000   Number         0  ddiv.o ABSOLUTE
    ../fplib/deqf.s                          0x00000000   Number         0  deqf.o ABSOLUTE
    ../fplib/dfix.s                          0x00000000   Number         0  dfix.o ABSOLUTE
    ../fplib/dflt.s                          0x00000000   Number         0  dflt_clz.o ABSOLUTE
    ../fplib/dmul.s                          0x00000000   Number         0  dmul.o ABSOLUTE
    ../fplib/dnaninf.s                       0x00000000   Number         0  dnaninf.o ABSOLUTE
    ../fplib/dretinf.s                       0x00000000   Number         0  dretinf.o ABSOLUTE
    ../fplib/f2d.s                           0x00000000   Number         0  f2d.o ABSOLUTE
    ../fplib/faddsub.s                       0x00000000   Number         0  faddsub_clz.o ABSOLUTE
    ../fplib/fcmpi.s                         0x00000000   Number         0  fcmpi.o ABSOLUTE
    ../fplib/fdiv.s                          0x00000000   Number         0  fdiv.o ABSOLUTE
    ../fplib/feqf.s                          0x00000000   Number         0  feqf.o ABSOLUTE
    ../fplib/ffix.s                          0x00000000   Number         0  ffix.o ABSOLUTE
    ../fplib/fflt.s                          0x00000000   Number         0  fflt_clz.o ABSOLUTE
    ../fplib/fmul.s                          0x00000000   Number         0  fmul.o ABSOLUTE
    ../fplib/fnaninf.s                       0x00000000   Number         0  fnaninf.o ABSOLUTE
    ../fplib/fpinit.s                        0x00000000   Number         0  fpinit.o ABSOLUTE
    ../fplib/fretinf.s                       0x00000000   Number         0  fretinf.o ABSOLUTE
    ../fplib/usenofp.s                       0x00000000   Number         0  usenofp.o ABSOLUTE
    ..\Application\User\main.c               0x00000000   Number         0  main.o ABSOLUTE
    ..\Commen\src\core_cm3.c                 0x00000000   Number         0  core_cm3.o ABSOLUTE
    ..\Commen\src\misc.c                     0x00000000   Number         0  misc.o ABSOLUTE
    ..\Commen\src\stm32f10x_crc.c            0x00000000   Number         0  stm32f10x_crc.o ABSOLUTE
    ..\Commen\src\stm32f10x_gpio.c           0x00000000   Number         0  stm32f10x_gpio.o ABSOLUTE
    ..\Commen\src\stm32f10x_it.c             0x00000000   Number         0  stm32f10x_it.o ABSOLUTE
    ..\Commen\src\stm32f10x_rcc.c            0x00000000   Number         0  stm32f10x_rcc.o ABSOLUTE
    ..\Commen\src\stm32f10x_rtc.c            0x00000000   Number         0  stm32f10x_rtc.o ABSOLUTE
    ..\Commen\src\stm32f10x_spi.c            0x00000000   Number         0  stm32f10x_spi.o ABSOLUTE
    ..\Commen\src\stm32f10x_tim.c            0x00000000   Number         0  stm32f10x_tim.o ABSOLUTE
    ..\Commen\src\stm32f10x_usart.c          0x00000000   Number         0  stm32f10x_usart.o ABSOLUTE
    ..\Commen\src\sys.c                      0x00000000   Number         0  sys.o ABSOLUTE
    ..\Commen\src\system_stm32f10x.c         0x00000000   Number         0  system_stm32f10x.o ABSOLUTE
    ..\Device\Implement\Delay.c              0x00000000   Number         0  delay.o ABSOLUTE
    ..\Device\Implement\LCD.c                0x00000000   Number         0  lcd.o ABSOLUTE
    ..\Device\Implement\LED.c                0x00000000   Number         0  led.o ABSOLUTE
    ..\Device\Implement\MicroSD.c            0x00000000   Number         0  microsd.o ABSOLUTE
    ..\Device\Implement\PS2.c                0x00000000   Number         0  ps2.o ABSOLUTE
    ..\Device\Implement\SPI.c                0x00000000   Number         0  spi.o ABSOLUTE
    ..\Device\Implement\Uart.c               0x00000000   Number         0  uart.o ABSOLUTE
    ..\Device\Implement\W25Q128.c            0x00000000   Number         0  w25q128.o ABSOLUTE
    ..\File\diskio.c                         0x00000000   Number         0  diskio.o ABSOLUTE
    ..\File\ff.c                             0x00000000   Number         0  ff.o ABSOLUTE
    ..\File\option\cc936.c                   0x00000000   Number         0  cc936.o ABSOLUTE
    ..\Init\Init.c                           0x00000000   Number         0  init.o ABSOLUTE
    ..\Init\startup_stm32f10x_ld.s           0x00000000   Number         0  startup_stm32f10x_ld.o ABSOLUTE
    ..\Tools\Src\Font.c                      0x00000000   Number         0  font.o ABSOLUTE
    ..\Tools\Src\FrameBox.c                  0x00000000   Number         0  framebox.o ABSOLUTE
    ..\Tools\Src\StringOperation.c           0x00000000   Number         0  stringoperation.o ABSOLUTE
    ..\Tools\Src\malloc.c                    0x00000000   Number         0  malloc.o ABSOLUTE
    ..\\Commen\\src\\core_cm3.c              0x00000000   Number         0  core_cm3.o ABSOLUTE
    ..\\Commen\\src\\sys.c                   0x00000000   Number         0  sys.o ABSOLUTE
    dc.s                                     0x00000000   Number         0  dc.o ABSOLUTE
    RESET                                    0x08000000   Section      236  startup_stm32f10x_ld.o(RESET)
    !!!main                                  0x080000ec   Section        8  __main.o(!!!main)
    !!!scatter                               0x080000f4   Section       52  __scatter.o(!!!scatter)
    !!handler_copy                           0x08000128   Section       26  __scatter_copy.o(!!handler_copy)
    !!handler_zi                             0x08000144   Section       28  __scatter_zi.o(!!handler_zi)
    .ARM.Collect$$_printf_percent$$00000000  0x08000160   Section        0  _printf_percent.o(.ARM.Collect$$_printf_percent$$00000000)
    .ARM.Collect$$_printf_percent$$00000014  0x08000160   Section        6  _printf_s.o(.ARM.Collect$$_printf_percent$$00000014)
    .ARM.Collect$$_printf_percent$$00000017  0x08000166   Section        4  _printf_percent_end.o(.ARM.Collect$$_printf_percent$$00000017)
    .ARM.Collect$$libinit$$00000000          0x0800016a   Section        2  libinit.o(.ARM.Collect$$libinit$$00000000)
    .ARM.Collect$$libinit$$00000002          0x0800016c   Section        0  libinit2.o(.ARM.Collect$$libinit$$00000002)
    .ARM.Collect$$libinit$$00000004          0x0800016c   Section        0  libinit2.o(.ARM.Collect$$libinit$$00000004)
    .ARM.Collect$$libinit$$0000000A          0x0800016c   Section        0  libinit2.o(.ARM.Collect$$libinit$$0000000A)
    .ARM.Collect$$libinit$$0000000C          0x0800016c   Section        0  libinit2.o(.ARM.Collect$$libinit$$0000000C)
    .ARM.Collect$$libinit$$0000000E          0x0800016c   Section        0  libinit2.o(.ARM.Collect$$libinit$$0000000E)
    .ARM.Collect$$libinit$$00000011          0x0800016c   Section        0  libinit2.o(.ARM.Collect$$libinit$$00000011)
    .ARM.Collect$$libinit$$00000013          0x0800016c   Section        0  libinit2.o(.ARM.Collect$$libinit$$00000013)
    .ARM.Collect$$libinit$$00000015          0x0800016c   Section        0  libinit2.o(.ARM.Collect$$libinit$$00000015)
    .ARM.Collect$$libinit$$00000017          0x0800016c   Section        0  libinit2.o(.ARM.Collect$$libinit$$00000017)
    .ARM.Collect$$libinit$$00000019          0x0800016c   Section        0  libinit2.o(.ARM.Collect$$libinit$$00000019)
    .ARM.Collect$$libinit$$0000001B          0x0800016c   Section        0  libinit2.o(.ARM.Collect$$libinit$$0000001B)
    .ARM.Collect$$libinit$$0000001D          0x0800016c   Section        0  libinit2.o(.ARM.Collect$$libinit$$0000001D)
    .ARM.Collect$$libinit$$0000001F          0x0800016c   Section        0  libinit2.o(.ARM.Collect$$libinit$$0000001F)
    .ARM.Collect$$libinit$$00000021          0x0800016c   Section        0  libinit2.o(.ARM.Collect$$libinit$$00000021)
    .ARM.Collect$$libinit$$00000023          0x0800016c   Section        0  libinit2.o(.ARM.Collect$$libinit$$00000023)
    .ARM.Collect$$libinit$$00000025          0x0800016c   Section        0  libinit2.o(.ARM.Collect$$libinit$$00000025)
    .ARM.Collect$$libinit$$0000002C          0x0800016c   Section        0  libinit2.o(.ARM.Collect$$libinit$$0000002C)
    .ARM.Collect$$libinit$$0000002E          0x0800016c   Section        0  libinit2.o(.ARM.Collect$$libinit$$0000002E)
    .ARM.Collect$$libinit$$00000030          0x0800016c   Section        0  libinit2.o(.ARM.Collect$$libinit$$00000030)
    .ARM.Collect$$libinit$$00000032          0x0800016c   Section        0  libinit2.o(.ARM.Collect$$libinit$$00000032)
    .ARM.Collect$$libinit$$00000033          0x0800016c   Section        2  libinit2.o(.ARM.Collect$$libinit$$00000033)
    .ARM.Collect$$libshutdown$$00000000      0x0800016e   Section        2  libshutdown.o(.ARM.Collect$$libshutdown$$00000000)
    .ARM.Collect$$libshutdown$$00000003      0x08000170   Section        0  libshutdown2.o(.ARM.Collect$$libshutdown$$00000003)
    .ARM.Collect$$libshutdown$$00000006      0x08000170   Section        0  libshutdown2.o(.ARM.Collect$$libshutdown$$00000006)
    .ARM.Collect$$libshutdown$$00000009      0x08000170   Section        0  libshutdown2.o(.ARM.Collect$$libshutdown$$00000009)
    .ARM.Collect$$libshutdown$$0000000B      0x08000170   Section        0  libshutdown2.o(.ARM.Collect$$libshutdown$$0000000B)
    .ARM.Collect$$libshutdown$$0000000E      0x08000170   Section        0  libshutdown2.o(.ARM.Collect$$libshutdown$$0000000E)
    .ARM.Collect$$libshutdown$$0000000F      0x08000170   Section        2  libshutdown2.o(.ARM.Collect$$libshutdown$$0000000F)
    .ARM.Collect$$rtentry$$00000000          0x08000172   Section        0  __rtentry.o(.ARM.Collect$$rtentry$$00000000)
    .ARM.Collect$$rtentry$$00000002          0x08000172   Section        0  __rtentry2.o(.ARM.Collect$$rtentry$$00000002)
    .ARM.Collect$$rtentry$$00000004          0x08000172   Section        6  __rtentry4.o(.ARM.Collect$$rtentry$$00000004)
    .ARM.Collect$$rtentry$$00000009          0x08000178   Section        0  __rtentry2.o(.ARM.Collect$$rtentry$$00000009)
    .ARM.Collect$$rtentry$$0000000A          0x08000178   Section        4  __rtentry2.o(.ARM.Collect$$rtentry$$0000000A)
    .ARM.Collect$$rtentry$$0000000C          0x0800017c   Section        0  __rtentry2.o(.ARM.Collect$$rtentry$$0000000C)
    .ARM.Collect$$rtentry$$0000000D          0x0800017c   Section        8  __rtentry2.o(.ARM.Collect$$rtentry$$0000000D)
    .ARM.Collect$$rtexit$$00000000           0x08000184   Section        2  rtexit.o(.ARM.Collect$$rtexit$$00000000)
    .ARM.Collect$$rtexit$$00000002           0x08000186   Section        0  rtexit2.o(.ARM.Collect$$rtexit$$00000002)
    .ARM.Collect$$rtexit$$00000003           0x08000186   Section        4  rtexit2.o(.ARM.Collect$$rtexit$$00000003)
    .ARM.Collect$$rtexit$$00000004           0x0800018a   Section        6  rtexit2.o(.ARM.Collect$$rtexit$$00000004)
    .text                                    0x08000190   Section       64  startup_stm32f10x_ld.o(.text)
    .text                                    0x080001d0   Section        2  use_no_semi_2.o(.text)
    .text                                    0x080001d4   Section        0  noretval__2printf.o(.text)
    .text                                    0x080001ec   Section        0  __printf.o(.text)
    .text                                    0x08000254   Section        0  _printf_str.o(.text)
    .text                                    0x080002a6   Section       78  rt_memclr_w.o(.text)
    .text                                    0x080002f4   Section        0  heapauxi.o(.text)
    .text                                    0x080002fa   Section        2  use_no_semi.o(.text)
    .text                                    0x080002fc   Section        0  _printf_char.o(.text)
    .text                                    0x08000328   Section        0  _printf_char_file.o(.text)
    .text                                    0x0800034c   Section        0  _printf_char_common.o(.text)
    _printf_input_char                       0x0800034d   Thumb Code    10  _printf_char_common.o(.text)
    .text                                    0x0800037c   Section        0  ferror.o(.text)
    .text                                    0x08000384   Section       74  sys_stackheap_outer.o(.text)
    .text                                    0x080003ce   Section        0  exit.o(.text)
    .text                                    0x080003dc   Section        8  libspace.o(.text)
    i.BusFault_Handler                       0x080003e4   Section        0  stm32f10x_it.o(i.BusFault_Handler)
    i.DebugMon_Handler                       0x080003e8   Section        0  stm32f10x_it.o(i.DebugMon_Handler)
    i.FrameClear                             0x080003ec   Section        0  framebox.o(i.FrameClear)
    i.FrameDrawCircle                        0x08000420   Section        0  framebox.o(i.FrameDrawCircle)
    i.FrameDrawLine                          0x080004a8   Section        0  framebox.o(i.FrameDrawLine)
    i.FrameDrawPoint                         0x08000554   Section        0  framebox.o(i.FrameDrawPoint)
    i.FrameDrawRectangle                     0x08000594   Section        0  framebox.o(i.FrameDrawRectangle)
    i.FrameFullAera                          0x080005de   Section        0  framebox.o(i.FrameFullAera)
    i.FrameShowChar                          0x08000614   Section        0  framebox.o(i.FrameShowChar)
    i.FrameShowString                        0x080006bc   Section        0  framebox.o(i.FrameShowString)
    i.FrameTest                              0x08000724   Section        0  main.o(i.FrameTest)
    i.GPIO_Init                              0x0800078c   Section        0  stm32f10x_gpio.o(i.GPIO_Init)
    i.GPIO_ResetBits                         0x080008a2   Section        0  stm32f10x_gpio.o(i.GPIO_ResetBits)
    i.GPIO_SetBits                           0x080008a6   Section        0  stm32f10x_gpio.o(i.GPIO_SetBits)
    i.HardFault_Handler                      0x080008aa   Section        0  stm32f10x_it.o(i.HardFault_Handler)
    i.Init                                   0x080008ae   Section        0  init.o(i.Init)
    i.LCDInit                                0x080008e0   Section        0  lcd.o(i.LCDInit)
    i.LCD_DrawPoint                          0x08000b0c   Section        0  lcd.o(i.LCD_DrawPoint)
    i.LCD_Pin_Init                           0x08000b28   Section        0  lcd.o(i.LCD_Pin_Init)
    i.LCD_SetCursor                          0x08000b60   Section        0  lcd.o(i.LCD_SetCursor)
    i.LCD_WR_CMD                             0x08000b90   Section        0  lcd.o(i.LCD_WR_CMD)
    i.LCD_WR_DATA                            0x08000bc0   Section        0  lcd.o(i.LCD_WR_DATA)
    i.LCD_WR_DATA8                           0x08000bf4   Section        0  lcd.o(i.LCD_WR_DATA8)
    i.LCD_WriteRAM_Prepare                   0x08000c24   Section        0  lcd.o(i.LCD_WriteRAM_Prepare)
    i.LEDInit                                0x08000c30   Section        0  led.o(i.LEDInit)
    i.LEDOff                                 0x08000c68   Section        0  led.o(i.LEDOff)
    i.LEDOn                                  0x08000c7c   Section        0  led.o(i.LEDOn)
    i.MemManage_Handler                      0x08000c90   Section        0  stm32f10x_it.o(i.MemManage_Handler)
    i.MicroSDTest                            0x08000c94   Section        0  main.o(i.MicroSDTest)
    i.NMI_Handler                            0x08000cc8   Section        0  stm32f10x_it.o(i.NMI_Handler)
    i.NVIC_Init                              0x08000ccc   Section        0  misc.o(i.NVIC_Init)
    i.PS2_ClearData                          0x08000d3c   Section        0  ps2.o(i.PS2_ClearData)
    i.PS2_Cmd                                0x08000d54   Section        0  ps2.o(i.PS2_Cmd)
    i.PS2_DataKey                            0x08000ddc   Section        0  ps2.o(i.PS2_DataKey)
    i.PS2_Init                               0x08000e30   Section        0  ps2.o(i.PS2_Init)
    i.PS2_ReadData                           0x08000e7c   Section        0  ps2.o(i.PS2_ReadData)
    i.PS2_RedLight                           0x08000f2c   Section        0  ps2.o(i.PS2_RedLight)
    i.PendSV_Handler                         0x08000f6c   Section        0  stm32f10x_it.o(i.PendSV_Handler)
    i.RCC_APB1PeriphClockCmd                 0x08000f70   Section        0  stm32f10x_rcc.o(i.RCC_APB1PeriphClockCmd)
    i.RCC_APB2PeriphClockCmd                 0x08000f90   Section        0  stm32f10x_rcc.o(i.RCC_APB2PeriphClockCmd)
    i.RCC_GetClocksFreq                      0x08000fb0   Section        0  stm32f10x_rcc.o(i.RCC_GetClocksFreq)
    i.ReadSectorFromMicroSD                  0x08001084   Section        0  microsd.o(i.ReadSectorFromMicroSD)
    i.ReadSectorsFromMicroSD                 0x080010e8   Section        0  microsd.o(i.ReadSectorsFromMicroSD)
    i.SD_Init                                0x080010fc   Section        0  microsd.o(i.SD_Init)
    i.SPI1_Init                              0x080011a0   Section        0  spi.o(i.SPI1_Init)
    i.SPI1_ReadWriteByte                     0x08001230   Section        0  spi.o(i.SPI1_ReadWriteByte)
    i.SPI1_SetSpeed                          0x08001284   Section        0  spi.o(i.SPI1_SetSpeed)
    i.SPI2_Init                              0x080012ac   Section        0  spi.o(i.SPI2_Init)
    i.SPI2_ReadWriteByte                     0x08001340   Section        0  spi.o(i.SPI2_ReadWriteByte)
    i.SPI2_SetSpeed                          0x08001394   Section        0  spi.o(i.SPI2_SetSpeed)
    i.SPI_Cmd                                0x080013bc   Section        0  stm32f10x_spi.o(i.SPI_Cmd)
    i.SPI_I2S_GetFlagStatus                  0x080013d4   Section        0  stm32f10x_spi.o(i.SPI_I2S_GetFlagStatus)
    i.SPI_I2S_ReceiveData                    0x080013e6   Section        0  stm32f10x_spi.o(i.SPI_I2S_ReceiveData)
    i.SPI_I2S_SendData                       0x080013ec   Section        0  stm32f10x_spi.o(i.SPI_I2S_SendData)
    i.SPI_Init                               0x080013f0   Section        0  stm32f10x_spi.o(i.SPI_Init)
    i.SPI_WriteByte                          0x0800142c   Section        0  spi.o(i.SPI_WriteByte)
    i.SVC_Handler                            0x0800144e   Section        0  stm32f10x_it.o(i.SVC_Handler)
    i.SentBit                                0x08001450   Section        0  lcd.o(i.SentBit)
    i.SentCommandToMicroSD                   0x08001464   Section        0  microsd.o(i.SentCommandToMicroSD)
    i.SetFrontColor                          0x080014d0   Section        0  framebox.o(i.SetFrontColor)
    i.SetSysClock                            0x080014dc   Section        0  system_stm32f10x.o(i.SetSysClock)
    SetSysClock                              0x080014dd   Thumb Code     8  system_stm32f10x.o(i.SetSysClock)
    i.SetSysClockTo72                        0x080014e4   Section        0  system_stm32f10x.o(i.SetSysClockTo72)
    SetSysClockTo72                          0x080014e5   Thumb Code   214  system_stm32f10x.o(i.SetSysClockTo72)
    i.SysTick_CLKSourceConfig                0x080015c4   Section        0  misc.o(i.SysTick_CLKSourceConfig)
    i.SysTick_Handler                        0x080015ec   Section        0  stm32f10x_it.o(i.SysTick_Handler)
    i.SystemInit                             0x080015f0   Section        0  system_stm32f10x.o(i.SystemInit)
    i.USART1_IRQHandler                      0x08001650   Section        0  uart.o(i.USART1_IRQHandler)
    i.USART_Cmd                              0x080016e8   Section        0  stm32f10x_usart.o(i.USART_Cmd)
    i.USART_GetITStatus                      0x08001700   Section        0  stm32f10x_usart.o(i.USART_GetITStatus)
    i.USART_ITConfig                         0x08001754   Section        0  stm32f10x_usart.o(i.USART_ITConfig)
    i.USART_Init                             0x080017a0   Section        0  stm32f10x_usart.o(i.USART_Init)
    i.USART_ReceiveData                      0x08001878   Section        0  stm32f10x_usart.o(i.USART_ReceiveData)
    i.UsageFault_Handler                     0x08001882   Section        0  stm32f10x_it.o(i.UsageFault_Handler)
    i.UsartInit                              0x08001888   Section        0  uart.o(i.UsartInit)
    i.W25Q128Test                            0x08001928   Section        0  main.o(i.W25Q128Test)
    i.W25QXX_Init                            0x0800195c   Section        0  w25q128.o(i.W25QXX_Init)
    i.W25QXX_Read                            0x080019b0   Section        0  w25q128.o(i.W25QXX_Read)
    i.W25QXX_ReadID                          0x08001a08   Section        0  w25q128.o(i.W25QXX_ReadID)
    i.WriteSectorToMicroSD                   0x08001a54   Section        0  microsd.o(i.WriteSectorToMicroSD)
    i.WriteSectorsToMicroSD                  0x08001af4   Section        0  microsd.o(i.WriteSectorsToMicroSD)
    i._sys_exit                              0x08001b08   Section        0  uart.o(i._sys_exit)
    i.check_fs                               0x08001b10   Section        0  ff.o(i.check_fs)
    check_fs                                 0x08001b11   Thumb Code   140  ff.o(i.check_fs)
    i.chk_chr                                0x08001ba0   Section        0  ff.o(i.chk_chr)
    chk_chr                                  0x08001ba1   Thumb Code    20  ff.o(i.chk_chr)
    i.clmt_clust                             0x08001bb4   Section        0  ff.o(i.clmt_clust)
    clmt_clust                               0x08001bb5   Thumb Code    50  ff.o(i.clmt_clust)
    i.clust2sect                             0x08001be6   Section        0  ff.o(i.clust2sect)
    i.cmp_lfn                                0x08001c00   Section        0  ff.o(i.cmp_lfn)
    cmp_lfn                                  0x08001c01   Thumb Code   138  ff.o(i.cmp_lfn)
    i.create_chain                           0x08001c90   Section        0  ff.o(i.create_chain)
    create_chain                             0x08001c91   Thumb Code   214  ff.o(i.create_chain)
    i.create_name                            0x08001d68   Section        0  ff.o(i.create_name)
    create_name                              0x08001d69   Thumb Code   604  ff.o(i.create_name)
    i.delay_init                             0x08001fd8   Section        0  delay.o(i.delay_init)
    i.delay_ms                               0x0800201c   Section        0  delay.o(i.delay_ms)
    i.delay_us                               0x08002068   Section        0  delay.o(i.delay_us)
    i.dir_alloc                              0x080020b4   Section        0  ff.o(i.dir_alloc)
    dir_alloc                                0x080020b5   Thumb Code    92  ff.o(i.dir_alloc)
    i.dir_find                               0x08002110   Section        0  ff.o(i.dir_find)
    dir_find                                 0x08002111   Thumb Code   234  ff.o(i.dir_find)
    i.dir_next                               0x080021fa   Section        0  ff.o(i.dir_next)
    dir_next                                 0x080021fb   Thumb Code   270  ff.o(i.dir_next)
    i.dir_register                           0x08002308   Section        0  ff.o(i.dir_register)
    dir_register                             0x08002309   Thumb Code   298  ff.o(i.dir_register)
    i.dir_sdi                                0x08002432   Section        0  ff.o(i.dir_sdi)
    dir_sdi                                  0x08002433   Thumb Code   158  ff.o(i.dir_sdi)
    i.disk_initialize                        0x080024d0   Section        0  diskio.o(i.disk_initialize)
    i.disk_ioctl                             0x080024ee   Section        0  diskio.o(i.disk_ioctl)
    i.disk_read                              0x08002510   Section        0  diskio.o(i.disk_read)
    i.disk_status                            0x08002546   Section        0  diskio.o(i.disk_status)
    i.disk_write                             0x0800254c   Section        0  diskio.o(i.disk_write)
    i.drawParten                             0x08002584   Section        0  main.o(i.drawParten)
    i.exfuns_init                            0x08002654   Section        0  main.o(i.exfuns_init)
    i.f_close                                0x080026d8   Section        0  ff.o(i.f_close)
    i.f_open                                 0x080026f8   Section        0  ff.o(i.f_open)
    i.f_sync                                 0x08002878   Section        0  ff.o(i.f_sync)
    i.f_write                                0x08002928   Section        0  ff.o(i.f_write)
    i.ff_convert                             0x08002b14   Section        0  cc936.o(i.ff_convert)
    i.ff_memalloc                            0x08002b90   Section        0  diskio.o(i.ff_memalloc)
    i.ff_memfree                             0x08002b9e   Section        0  diskio.o(i.ff_memfree)
    i.ff_wtoupper                            0x08002bac   Section        0  cc936.o(i.ff_wtoupper)
    i.find_volume                            0x08002be4   Section        0  ff.o(i.find_volume)
    find_volume                              0x08002be5   Thumb Code   900  ff.o(i.find_volume)
    i.fit_lfn                                0x08002f78   Section        0  ff.o(i.fit_lfn)
    fit_lfn                                  0x08002f79   Thumb Code   122  ff.o(i.fit_lfn)
    i.follow_path                            0x08002ff8   Section        0  ff.o(i.follow_path)
    follow_path                              0x08002ff9   Thumb Code   144  ff.o(i.follow_path)
    i.fputc                                  0x08003088   Section        0  uart.o(i.fputc)
    i.gen_numname                            0x080030a4   Section        0  ff.o(i.gen_numname)
    gen_numname                              0x080030a5   Thumb Code   198  ff.o(i.gen_numname)
    i.get_fat                                0x08003170   Section        0  ff.o(i.get_fat)
    i.get_fattime                            0x08003262   Section        0  diskio.o(i.get_fattime)
    i.get_ldnumber                           0x08003266   Section        0  ff.o(i.get_ldnumber)
    get_ldnumber                             0x08003267   Thumb Code    74  ff.o(i.get_ldnumber)
    i.ld_clust                               0x080032b0   Section        0  ff.o(i.ld_clust)
    ld_clust                                 0x080032b1   Thumb Code    32  ff.o(i.ld_clust)
    i.main                                   0x080032d0   Section        0  main.o(i.main)
    i.mem_cmp                                0x080033b0   Section        0  ff.o(i.mem_cmp)
    mem_cmp                                  0x080033b1   Thumb Code    38  ff.o(i.mem_cmp)
    i.mem_cpy                                0x080033d6   Section        0  ff.o(i.mem_cpy)
    mem_cpy                                  0x080033d7   Thumb Code    26  ff.o(i.mem_cpy)
    i.mem_set                                0x080033f0   Section        0  ff.o(i.mem_set)
    mem_set                                  0x080033f1   Thumb Code    20  ff.o(i.mem_set)
    i.move_window                            0x08003404   Section        0  ff.o(i.move_window)
    move_window                              0x08003405   Thumb Code    52  ff.o(i.move_window)
    i.my_mem_free                            0x08003438   Section        0  malloc.o(i.my_mem_free)
    i.my_mem_init                            0x080034a4   Section        0  malloc.o(i.my_mem_init)
    i.my_mem_malloc                          0x080034e8   Section        0  malloc.o(i.my_mem_malloc)
    i.my_mem_perused                         0x08003590   Section        0  malloc.o(i.my_mem_perused)
    i.myfree                                 0x080035d0   Section        0  malloc.o(i.myfree)
    i.mymalloc                               0x080035f4   Section        0  malloc.o(i.mymalloc)
    i.mymemset                               0x0800361c   Section        0  malloc.o(i.mymemset)
    i.put_fat                                0x08003630   Section        0  ff.o(i.put_fat)
    i.remove_chain                           0x08003772   Section        0  ff.o(i.remove_chain)
    remove_chain                             0x08003773   Thumb Code   108  ff.o(i.remove_chain)
    i.st_clust                               0x080037de   Section        0  ff.o(i.st_clust)
    st_clust                                 0x080037df   Thumb Code    16  ff.o(i.st_clust)
    i.sum_sfn                                0x080037ee   Section        0  ff.o(i.sum_sfn)
    sum_sfn                                  0x080037ef   Thumb Code    32  ff.o(i.sum_sfn)
    i.sync_fs                                0x0800380e   Section        0  ff.o(i.sync_fs)
    sync_fs                                  0x0800380f   Thumb Code   200  ff.o(i.sync_fs)
    i.sync_window                            0x080038d6   Section        0  ff.o(i.sync_window)
    sync_window                              0x080038d7   Thumb Code    82  ff.o(i.sync_window)
    i.validate                               0x08003928   Section        0  ff.o(i.validate)
    validate                                 0x08003929   Thumb Code    54  ff.o(i.validate)
    .constdata                               0x0800395e   Section     2660  font.o(.constdata)
    .constdata                               0x080043c4   Section       24  malloc.o(.constdata)
    .constdata                               0x080043dc   Section       58  ff.o(.constdata)
    LfnOfs                                   0x080043dc   Data          13  ff.o(.constdata)
    vst                                      0x080043ea   Data          22  ff.o(.constdata)
    cst                                      0x08004400   Data          22  ff.o(.constdata)
    .constdata                               0x08004416   Section    175304  cc936.o(.constdata)
    uni2oem                                  0x08004416   Data       87172  cc936.o(.constdata)
    oem2uni                                  0x0801989a   Data       87172  cc936.o(.constdata)
    tbl_lower                                0x0802ed1e   Data         480  cc936.o(.constdata)
    tbl_upper                                0x0802eefe   Data         480  cc936.o(.constdata)
    .data                                    0x20000000   Section       40  main.o(.data)
    .data                                    0x20000028   Section        4  delay.o(.data)
    fac_us                                   0x20000028   Data           1  delay.o(.data)
    fac_ms                                   0x2000002a   Data           2  delay.o(.data)
    .data                                    0x2000002c   Section        6  uart.o(.data)
    .data                                    0x20000032   Section       36  ps2.o(.data)
    .data                                    0x20000056   Section        2  w25q128.o(.data)
    .data                                    0x20000058   Section       20  stm32f10x_rcc.o(.data)
    APBAHBPrescTable                         0x20000058   Data          16  stm32f10x_rcc.o(.data)
    ADCPrescTable                            0x20000068   Data           4  stm32f10x_rcc.o(.data)
    .data                                    0x2000006c   Section       20  system_stm32f10x.o(.data)
    .data                                    0x20000080   Section       98  framebox.o(.data)
    .data                                    0x200000e4   Section       28  malloc.o(.data)
    .data                                    0x20000100   Section       10  ff.o(.data)
    FatFs                                    0x20000100   Data           8  ff.o(.data)
    Fsid                                     0x20000108   Data           2  ff.o(.data)
    .bss                                     0x2000010c   Section      200  uart.o(.bss)
    .bss                                     0x200001d4   Section        9  ps2.o(.bss)
    .bss                                     0x200001dd   Section      628  microsd.o(.bss)
    .bss                                     0x20000460   Section    21760  malloc.o(.bss)
    .bss                                     0x20005960   Section       96  libspace.o(.bss)
    HEAP                                     0x200059c0   Section      512  startup_stm32f10x_ld.o(HEAP)
    Heap_Mem                                 0x200059c0   Data         512  startup_stm32f10x_ld.o(HEAP)
    STACK                                    0x20005bc0   Section     1024  startup_stm32f10x_ld.o(STACK)
    Stack_Mem                                0x20005bc0   Data        1024  startup_stm32f10x_ld.o(STACK)
    __initial_sp                             0x20005fc0   Data           0  startup_stm32f10x_ld.o(STACK)
    .ARM.__AT_0x68000000                     0x68000000   Section       32  malloc.o(.ARM.__AT_0x68000000)
    .ARM.__AT_0x68000020                     0x68000020   Section        2  malloc.o(.ARM.__AT_0x68000020)

    Global Symbols

    Symbol Name                              Value     Ov Type        Size  Object(Section)

    BuildAttributes$$THM_ISAv4$P$D$K$B$S$PE$A:L22UL41UL21$X:L11$S22US41US21$IEEE1$IW$USESV6$~STKCKD$USESV7$~SHL$OSPACE$ROPI$EBA8$UX$STANDARDLIB$REQ8$PRES8$EABIv2 0x00000000   Number         0  anon$$obj.o ABSOLUTE
    __ARM_use_no_argv                        0x00000000   Number         0  main.o ABSOLUTE
    __ARM_exceptions_init                     - Undefined Weak Reference
    __alloca_initialize                       - Undefined Weak Reference
    __arm_preinit_                            - Undefined Weak Reference
    __cpp_initialize__aeabi_                  - Undefined Weak Reference
    __cxa_finalize                            - Undefined Weak Reference
    __rt_locale                               - Undefined Weak Reference
    __sigvec_lookup                           - Undefined Weak Reference
    _atexit_init                              - Undefined Weak Reference
    _call_atexit_fns                          - Undefined Weak Reference
    _clock_init                               - Undefined Weak Reference
    _fp_trap_init                             - Undefined Weak Reference
    _fp_trap_shutdown                         - Undefined Weak Reference
    _get_lc_collate                           - Undefined Weak Reference
    _get_lc_ctype                             - Undefined Weak Reference
    _get_lc_monetary                          - Undefined Weak Reference
    _get_lc_numeric                           - Undefined Weak Reference
    _get_lc_time                              - Undefined Weak Reference
    _getenv_init                              - Undefined Weak Reference
    _handle_redirection                       - Undefined Weak Reference
    _init_alloc                               - Undefined Weak Reference
    _init_user_alloc                          - Undefined Weak Reference
    _initio                                   - Undefined Weak Reference
    _mutex_acquire                            - Undefined Weak Reference
    _mutex_release                            - Undefined Weak Reference
    _printf_mbtowc                            - Undefined Weak Reference
    _printf_post_padding                      - Undefined Weak Reference
    _printf_pre_padding                       - Undefined Weak Reference
    _rand_init                                - Undefined Weak Reference
    _signal_finish                            - Undefined Weak Reference
    _signal_init                              - Undefined Weak Reference
    _terminate_alloc                          - Undefined Weak Reference
    _terminate_user_alloc                     - Undefined Weak Reference
    _terminateio                              - Undefined Weak Reference
    __Vectors_Size                           0x000000ec   Number         0  startup_stm32f10x_ld.o ABSOLUTE
    __Vectors                                0x08000000   Data           4  startup_stm32f10x_ld.o(RESET)
    __Vectors_End                            0x080000ec   Data           0  startup_stm32f10x_ld.o(RESET)
    __main                                   0x080000ed   Thumb Code     8  __main.o(!!!main)
    __scatterload                            0x080000f5   Thumb Code     0  __scatter.o(!!!scatter)
    __scatterload_rt2                        0x080000f5   Thumb Code    44  __scatter.o(!!!scatter)
    __scatterload_rt2_thumb_only             0x080000f5   Thumb Code     0  __scatter.o(!!!scatter)
    __scatterload_null                       0x08000103   Thumb Code     0  __scatter.o(!!!scatter)
    __scatterload_copy                       0x08000129   Thumb Code    26  __scatter_copy.o(!!handler_copy)
    __scatterload_zeroinit                   0x08000145   Thumb Code    28  __scatter_zi.o(!!handler_zi)
    _printf_percent                          0x08000161   Thumb Code     0  _printf_percent.o(.ARM.Collect$$_printf_percent$$00000000)
    _printf_s                                0x08000161   Thumb Code     0  _printf_s.o(.ARM.Collect$$_printf_percent$$00000014)
    _printf_percent_end                      0x08000167   Thumb Code     0  _printf_percent_end.o(.ARM.Collect$$_printf_percent$$00000017)
    __rt_lib_init                            0x0800016b   Thumb Code     0  libinit.o(.ARM.Collect$$libinit$$00000000)
    __rt_lib_init_alloca_1                   0x0800016d   Thumb Code     0  libinit2.o(.ARM.Collect$$libinit$$0000002E)
    __rt_lib_init_argv_1                     0x0800016d   Thumb Code     0  libinit2.o(.ARM.Collect$$libinit$$0000002C)
    __rt_lib_init_atexit_1                   0x0800016d   Thumb Code     0  libinit2.o(.ARM.Collect$$libinit$$0000001B)
    __rt_lib_init_clock_1                    0x0800016d   Thumb Code     0  libinit2.o(.ARM.Collect$$libinit$$00000021)
    __rt_lib_init_cpp_1                      0x0800016d   Thumb Code     0  libinit2.o(.ARM.Collect$$libinit$$00000032)
    __rt_lib_init_exceptions_1               0x0800016d   Thumb Code     0  libinit2.o(.ARM.Collect$$libinit$$00000030)
    __rt_lib_init_fp_1                       0x0800016d   Thumb Code     0  libinit2.o(.ARM.Collect$$libinit$$00000002)
    __rt_lib_init_fp_trap_1                  0x0800016d   Thumb Code     0  libinit2.o(.ARM.Collect$$libinit$$0000001F)
    __rt_lib_init_getenv_1                   0x0800016d   Thumb Code     0  libinit2.o(.ARM.Collect$$libinit$$00000023)
    __rt_lib_init_heap_1                     0x0800016d   Thumb Code     0  libinit2.o(.ARM.Collect$$libinit$$0000000A)
    __rt_lib_init_lc_collate_1               0x0800016d   Thumb Code     0  libinit2.o(.ARM.Collect$$libinit$$00000011)
    __rt_lib_init_lc_ctype_1                 0x0800016d   Thumb Code     0  libinit2.o(.ARM.Collect$$libinit$$00000013)
    __rt_lib_init_lc_monetary_1              0x0800016d   Thumb Code     0  libinit2.o(.ARM.Collect$$libinit$$00000015)
    __rt_lib_init_lc_numeric_1               0x0800016d   Thumb Code     0  libinit2.o(.ARM.Collect$$libinit$$00000017)
    __rt_lib_init_lc_time_1                  0x0800016d   Thumb Code     0  libinit2.o(.ARM.Collect$$libinit$$00000019)
    __rt_lib_init_preinit_1                  0x0800016d   Thumb Code     0  libinit2.o(.ARM.Collect$$libinit$$00000004)
    __rt_lib_init_rand_1                     0x0800016d   Thumb Code     0  libinit2.o(.ARM.Collect$$libinit$$0000000E)
    __rt_lib_init_return                     0x0800016d   Thumb Code     0  libinit2.o(.ARM.Collect$$libinit$$00000033)
    __rt_lib_init_signal_1                   0x0800016d   Thumb Code     0  libinit2.o(.ARM.Collect$$libinit$$0000001D)
    __rt_lib_init_stdio_1                    0x0800016d   Thumb Code     0  libinit2.o(.ARM.Collect$$libinit$$00000025)
    __rt_lib_init_user_alloc_1               0x0800016d   Thumb Code     0  libinit2.o(.ARM.Collect$$libinit$$0000000C)
    __rt_lib_shutdown                        0x0800016f   Thumb Code     0  libshutdown.o(.ARM.Collect$$libshutdown$$00000000)
    __rt_lib_shutdown_fp_trap_1              0x08000171   Thumb Code     0  libshutdown2.o(.ARM.Collect$$libshutdown$$00000006)
    __rt_lib_shutdown_heap_1                 0x08000171   Thumb Code     0  libshutdown2.o(.ARM.Collect$$libshutdown$$0000000E)
    __rt_lib_shutdown_return                 0x08000171   Thumb Code     0  libshutdown2.o(.ARM.Collect$$libshutdown$$0000000F)
    __rt_lib_shutdown_signal_1               0x08000171   Thumb Code     0  libshutdown2.o(.ARM.Collect$$libshutdown$$00000009)
    __rt_lib_shutdown_stdio_1                0x08000171   Thumb Code     0  libshutdown2.o(.ARM.Collect$$libshutdown$$00000003)
    __rt_lib_shutdown_user_alloc_1           0x08000171   Thumb Code     0  libshutdown2.o(.ARM.Collect$$libshutdown$$0000000B)
    __rt_entry                               0x08000173   Thumb Code     0  __rtentry.o(.ARM.Collect$$rtentry$$00000000)
    __rt_entry_presh_1                       0x08000173   Thumb Code     0  __rtentry2.o(.ARM.Collect$$rtentry$$00000002)
    __rt_entry_sh                            0x08000173   Thumb Code     0  __rtentry4.o(.ARM.Collect$$rtentry$$00000004)
    __rt_entry_li                            0x08000179   Thumb Code     0  __rtentry2.o(.ARM.Collect$$rtentry$$0000000A)
    __rt_entry_postsh_1                      0x08000179   Thumb Code     0  __rtentry2.o(.ARM.Collect$$rtentry$$00000009)
    __rt_entry_main                          0x0800017d   Thumb Code     0  __rtentry2.o(.ARM.Collect$$rtentry$$0000000D)
    __rt_entry_postli_1                      0x0800017d   Thumb Code     0  __rtentry2.o(.ARM.Collect$$rtentry$$0000000C)
    __rt_exit                                0x08000185   Thumb Code     0  rtexit.o(.ARM.Collect$$rtexit$$00000000)
    __rt_exit_ls                             0x08000187   Thumb Code     0  rtexit2.o(.ARM.Collect$$rtexit$$00000003)
    __rt_exit_prels_1                        0x08000187   Thumb Code     0  rtexit2.o(.ARM.Collect$$rtexit$$00000002)
    __rt_exit_exit                           0x0800018b   Thumb Code     0  rtexit2.o(.ARM.Collect$$rtexit$$00000004)
    Reset_Handler                            0x08000191   Thumb Code     8  startup_stm32f10x_ld.o(.text)
    ADC1_2_IRQHandler                        0x080001ab   Thumb Code     0  startup_stm32f10x_ld.o(.text)
    CAN1_RX1_IRQHandler                      0x080001ab   Thumb Code     0  startup_stm32f10x_ld.o(.text)
    CAN1_SCE_IRQHandler                      0x080001ab   Thumb Code     0  startup_stm32f10x_ld.o(.text)
    DMA1_Channel1_IRQHandler                 0x080001ab   Thumb Code     0  startup_stm32f10x_ld.o(.text)
    DMA1_Channel2_IRQHandler                 0x080001ab   Thumb Code     0  startup_stm32f10x_ld.o(.text)
    DMA1_Channel3_IRQHandler                 0x080001ab   Thumb Code     0  startup_stm32f10x_ld.o(.text)
    DMA1_Channel4_IRQHandler                 0x080001ab   Thumb Code     0  startup_stm32f10x_ld.o(.text)
    DMA1_Channel5_IRQHandler                 0x080001ab   Thumb Code     0  startup_stm32f10x_ld.o(.text)
    DMA1_Channel6_IRQHandler                 0x080001ab   Thumb Code     0  startup_stm32f10x_ld.o(.text)
    DMA1_Channel7_IRQHandler                 0x080001ab   Thumb Code     0  startup_stm32f10x_ld.o(.text)
    EXTI0_IRQHandler                         0x080001ab   Thumb Code     0  startup_stm32f10x_ld.o(.text)
    EXTI15_10_IRQHandler                     0x080001ab   Thumb Code     0  startup_stm32f10x_ld.o(.text)
    EXTI1_IRQHandler                         0x080001ab   Thumb Code     0  startup_stm32f10x_ld.o(.text)
    EXTI2_IRQHandler                         0x080001ab   Thumb Code     0  startup_stm32f10x_ld.o(.text)
    EXTI3_IRQHandler                         0x080001ab   Thumb Code     0  startup_stm32f10x_ld.o(.text)
    EXTI4_IRQHandler                         0x080001ab   Thumb Code     0  startup_stm32f10x_ld.o(.text)
    EXTI9_5_IRQHandler                       0x080001ab   Thumb Code     0  startup_stm32f10x_ld.o(.text)
    FLASH_IRQHandler                         0x080001ab   Thumb Code     0  startup_stm32f10x_ld.o(.text)
    I2C1_ER_IRQHandler                       0x080001ab   Thumb Code     0  startup_stm32f10x_ld.o(.text)
    I2C1_EV_IRQHandler                       0x080001ab   Thumb Code     0  startup_stm32f10x_ld.o(.text)
    PVD_IRQHandler                           0x080001ab   Thumb Code     0  startup_stm32f10x_ld.o(.text)
    RCC_IRQHandler                           0x080001ab   Thumb Code     0  startup_stm32f10x_ld.o(.text)
    RTCAlarm_IRQHandler                      0x080001ab   Thumb Code     0  startup_stm32f10x_ld.o(.text)
    RTC_IRQHandler                           0x080001ab   Thumb Code     0  startup_stm32f10x_ld.o(.text)
    SPI1_IRQHandler                          0x080001ab   Thumb Code     0  startup_stm32f10x_ld.o(.text)
    TAMPER_IRQHandler                        0x080001ab   Thumb Code     0  startup_stm32f10x_ld.o(.text)
    TIM1_BRK_IRQHandler                      0x080001ab   Thumb Code     0  startup_stm32f10x_ld.o(.text)
    TIM1_CC_IRQHandler                       0x080001ab   Thumb Code     0  startup_stm32f10x_ld.o(.text)
    TIM1_TRG_COM_IRQHandler                  0x080001ab   Thumb Code     0  startup_stm32f10x_ld.o(.text)
    TIM1_UP_IRQHandler                       0x080001ab   Thumb Code     0  startup_stm32f10x_ld.o(.text)
    TIM2_IRQHandler                          0x080001ab   Thumb Code     0  startup_stm32f10x_ld.o(.text)
    TIM3_IRQHandler                          0x080001ab   Thumb Code     0  startup_stm32f10x_ld.o(.text)
    USART2_IRQHandler                        0x080001ab   Thumb Code     0  startup_stm32f10x_ld.o(.text)
    USBWakeUp_IRQHandler                     0x080001ab   Thumb Code     0  startup_stm32f10x_ld.o(.text)
    USB_HP_CAN1_TX_IRQHandler                0x080001ab   Thumb Code     0  startup_stm32f10x_ld.o(.text)
    USB_LP_CAN1_RX0_IRQHandler               0x080001ab   Thumb Code     0  startup_stm32f10x_ld.o(.text)
    WWDG_IRQHandler                          0x080001ab   Thumb Code     0  startup_stm32f10x_ld.o(.text)
    __user_initial_stackheap                 0x080001ad   Thumb Code     0  startup_stm32f10x_ld.o(.text)
    __use_no_semihosting                     0x080001d1   Thumb Code     2  use_no_semi_2.o(.text)
    __2printf                                0x080001d5   Thumb Code    20  noretval__2printf.o(.text)
    __printf                                 0x080001ed   Thumb Code   104  __printf.o(.text)
    _printf_str                              0x08000255   Thumb Code    82  _printf_str.o(.text)
    __aeabi_memclr4                          0x080002a7   Thumb Code     0  rt_memclr_w.o(.text)
    __aeabi_memclr8                          0x080002a7   Thumb Code     0  rt_memclr_w.o(.text)
    __rt_memclr_w                            0x080002a7   Thumb Code    78  rt_memclr_w.o(.text)
    _memset_w                                0x080002ab   Thumb Code     0  rt_memclr_w.o(.text)
    __use_two_region_memory                  0x080002f5   Thumb Code     2  heapauxi.o(.text)
    __rt_heap_escrow$2region                 0x080002f7   Thumb Code     2  heapauxi.o(.text)
    __rt_heap_expand$2region                 0x080002f9   Thumb Code     2  heapauxi.o(.text)
    __I$use$semihosting                      0x080002fb   Thumb Code     0  use_no_semi.o(.text)
    __use_no_semihosting_swi                 0x080002fb   Thumb Code     2  use_no_semi.o(.text)
    _printf_cs_common                        0x080002fd   Thumb Code    20  _printf_char.o(.text)
    _printf_char                             0x08000311   Thumb Code    16  _printf_char.o(.text)
    _printf_string                           0x08000321   Thumb Code     8  _printf_char.o(.text)
    _printf_char_file                        0x08000329   Thumb Code    32  _printf_char_file.o(.text)
    _printf_char_common                      0x08000357   Thumb Code    32  _printf_char_common.o(.text)
    ferror                                   0x0800037d   Thumb Code     8  ferror.o(.text)
    __user_setup_stackheap                   0x08000385   Thumb Code    74  sys_stackheap_outer.o(.text)
    exit                                     0x080003cf   Thumb Code    12  exit.o(.text)
    __user_libspace                          0x080003dd   Thumb Code     8  libspace.o(.text)
    __user_perproc_libspace                  0x080003dd   Thumb Code     0  libspace.o(.text)
    __user_perthread_libspace                0x080003dd   Thumb Code     0  libspace.o(.text)
    BusFault_Handler                         0x080003e5   Thumb Code     4  stm32f10x_it.o(i.BusFault_Handler)
    DebugMon_Handler                         0x080003e9   Thumb Code     2  stm32f10x_it.o(i.DebugMon_Handler)
    FrameClear                               0x080003ed   Thumb Code    48  framebox.o(i.FrameClear)
    FrameDrawCircle                          0x08000421   Thumb Code   136  framebox.o(i.FrameDrawCircle)
    FrameDrawLine                            0x080004a9   Thumb Code   172  framebox.o(i.FrameDrawLine)
    FrameDrawPoint                           0x08000555   Thumb Code    54  framebox.o(i.FrameDrawPoint)
    FrameDrawRectangle                       0x08000595   Thumb Code    74  framebox.o(i.FrameDrawRectangle)
    FrameFullAera                            0x080005df   Thumb Code    54  framebox.o(i.FrameFullAera)
    FrameShowChar                            0x08000615   Thumb Code   158  framebox.o(i.FrameShowChar)
    FrameShowString                          0x080006bd   Thumb Code   104  framebox.o(i.FrameShowString)
    FrameTest                                0x08000725   Thumb Code    80  main.o(i.FrameTest)
    GPIO_Init                                0x0800078d   Thumb Code   278  stm32f10x_gpio.o(i.GPIO_Init)
    GPIO_ResetBits                           0x080008a3   Thumb Code     4  stm32f10x_gpio.o(i.GPIO_ResetBits)
    GPIO_SetBits                             0x080008a7   Thumb Code     4  stm32f10x_gpio.o(i.GPIO_SetBits)
    HardFault_Handler                        0x080008ab   Thumb Code     4  stm32f10x_it.o(i.HardFault_Handler)
    Init                                     0x080008af   Thumb Code    50  init.o(i.Init)
    LCDInit                                  0x080008e1   Thumb Code   550  lcd.o(i.LCDInit)
    LCD_DrawPoint                            0x08000b0d   Thumb Code    28  lcd.o(i.LCD_DrawPoint)
    LCD_Pin_Init                             0x08000b29   Thumb Code    50  lcd.o(i.LCD_Pin_Init)
    LCD_SetCursor                            0x08000b61   Thumb Code    48  lcd.o(i.LCD_SetCursor)
    LCD_WR_CMD                               0x08000b91   Thumb Code    42  lcd.o(i.LCD_WR_CMD)
    LCD_WR_DATA                              0x08000bc1   Thumb Code    48  lcd.o(i.LCD_WR_DATA)
    LCD_WR_DATA8                             0x08000bf5   Thumb Code    42  lcd.o(i.LCD_WR_DATA8)
    LCD_WriteRAM_Prepare                     0x08000c25   Thumb Code    10  lcd.o(i.LCD_WriteRAM_Prepare)
    LEDInit                                  0x08000c31   Thumb Code    50  led.o(i.LEDInit)
    LEDOff                                   0x08000c69   Thumb Code    14  led.o(i.LEDOff)
    LEDOn                                    0x08000c7d   Thumb Code    14  led.o(i.LEDOn)
    MemManage_Handler                        0x08000c91   Thumb Code     4  stm32f10x_it.o(i.MemManage_Handler)
    MicroSDTest                              0x08000c95   Thumb Code    20  main.o(i.MicroSDTest)
    NMI_Handler                              0x08000cc9   Thumb Code     2  stm32f10x_it.o(i.NMI_Handler)
    NVIC_Init                                0x08000ccd   Thumb Code   100  misc.o(i.NVIC_Init)
    PS2_ClearData                            0x08000d3d   Thumb Code    20  ps2.o(i.PS2_ClearData)
    PS2_Cmd                                  0x08000d55   Thumb Code   124  ps2.o(i.PS2_Cmd)
    PS2_DataKey                              0x08000ddd   Thumb Code    70  ps2.o(i.PS2_DataKey)
    PS2_Init                                 0x08000e31   Thumb Code    70  ps2.o(i.PS2_Init)
    PS2_ReadData                             0x08000e7d   Thumb Code   158  ps2.o(i.PS2_ReadData)
    PS2_RedLight                             0x08000f2d   Thumb Code    48  ps2.o(i.PS2_RedLight)
    PendSV_Handler                           0x08000f6d   Thumb Code     2  stm32f10x_it.o(i.PendSV_Handler)
    RCC_APB1PeriphClockCmd                   0x08000f71   Thumb Code    26  stm32f10x_rcc.o(i.RCC_APB1PeriphClockCmd)
    RCC_APB2PeriphClockCmd                   0x08000f91   Thumb Code    26  stm32f10x_rcc.o(i.RCC_APB2PeriphClockCmd)
    RCC_GetClocksFreq                        0x08000fb1   Thumb Code   192  stm32f10x_rcc.o(i.RCC_GetClocksFreq)
    ReadSectorFromMicroSD                    0x08001085   Thumb Code    92  microsd.o(i.ReadSectorFromMicroSD)
    ReadSectorsFromMicroSD                   0x080010e9   Thumb Code    20  microsd.o(i.ReadSectorsFromMicroSD)
    SD_Init                                  0x080010fd   Thumb Code   158  microsd.o(i.SD_Init)
    SPI1_Init                                0x080011a1   Thumb Code   136  spi.o(i.SPI1_Init)
    SPI1_ReadWriteByte                       0x08001231   Thumb Code    78  spi.o(i.SPI1_ReadWriteByte)
    SPI1_SetSpeed                            0x08001285   Thumb Code    36  spi.o(i.SPI1_SetSpeed)
    SPI2_Init                                0x080012ad   Thumb Code   138  spi.o(i.SPI2_Init)
    SPI2_ReadWriteByte                       0x08001341   Thumb Code    78  spi.o(i.SPI2_ReadWriteByte)
    SPI2_SetSpeed                            0x08001395   Thumb Code    36  spi.o(i.SPI2_SetSpeed)
    SPI_Cmd                                  0x080013bd   Thumb Code    24  stm32f10x_spi.o(i.SPI_Cmd)
    SPI_I2S_GetFlagStatus                    0x080013d5   Thumb Code    18  stm32f10x_spi.o(i.SPI_I2S_GetFlagStatus)
    SPI_I2S_ReceiveData                      0x080013e7   Thumb Code     6  stm32f10x_spi.o(i.SPI_I2S_ReceiveData)
    SPI_I2S_SendData                         0x080013ed   Thumb Code     4  stm32f10x_spi.o(i.SPI_I2S_SendData)
    SPI_Init                                 0x080013f1   Thumb Code    60  stm32f10x_spi.o(i.SPI_Init)
    SPI_WriteByte                            0x0800142d   Thumb Code    34  spi.o(i.SPI_WriteByte)
    SVC_Handler                              0x0800144f   Thumb Code     2  stm32f10x_it.o(i.SVC_Handler)
    SentBit                                  0x08001451   Thumb Code    14  lcd.o(i.SentBit)
    SentCommandToMicroSD                     0x08001465   Thumb Code   104  microsd.o(i.SentCommandToMicroSD)
    SetFrontColor                            0x080014d1   Thumb Code     6  framebox.o(i.SetFrontColor)
    SysTick_CLKSourceConfig                  0x080015c5   Thumb Code    40  misc.o(i.SysTick_CLKSourceConfig)
    SysTick_Handler                          0x080015ed   Thumb Code     2  stm32f10x_it.o(i.SysTick_Handler)
    SystemInit                               0x080015f1   Thumb Code    78  system_stm32f10x.o(i.SystemInit)
    USART1_IRQHandler                        0x08001651   Thumb Code   138  uart.o(i.USART1_IRQHandler)
    USART_Cmd                                0x080016e9   Thumb Code    24  stm32f10x_usart.o(i.USART_Cmd)
    USART_GetITStatus                        0x08001701   Thumb Code    84  stm32f10x_usart.o(i.USART_GetITStatus)
    USART_ITConfig                           0x08001755   Thumb Code    74  stm32f10x_usart.o(i.USART_ITConfig)
    USART_Init                               0x080017a1   Thumb Code   210  stm32f10x_usart.o(i.USART_Init)
    USART_ReceiveData                        0x08001879   Thumb Code    10  stm32f10x_usart.o(i.USART_ReceiveData)
    UsageFault_Handler                       0x08001883   Thumb Code     4  stm32f10x_it.o(i.UsageFault_Handler)
    UsartInit                                0x08001889   Thumb Code   152  uart.o(i.UsartInit)
    W25Q128Test                              0x08001929   Thumb Code    36  main.o(i.W25Q128Test)
    W25QXX_Init                              0x0800195d   Thumb Code    74  w25q128.o(i.W25QXX_Init)
    W25QXX_Read                              0x080019b1   Thumb Code    82  w25q128.o(i.W25QXX_Read)
    W25QXX_ReadID                            0x08001a09   Thumb Code    70  w25q128.o(i.W25QXX_ReadID)
    WriteSectorToMicroSD                     0x08001a55   Thumb Code   154  microsd.o(i.WriteSectorToMicroSD)
    WriteSectorsToMicroSD                    0x08001af5   Thumb Code    20  microsd.o(i.WriteSectorsToMicroSD)
    _sys_exit                                0x08001b09   Thumb Code     6  uart.o(i._sys_exit)
    clust2sect                               0x08001be7   Thumb Code    26  ff.o(i.clust2sect)
    delay_init                               0x08001fd9   Thumb Code    50  delay.o(i.delay_init)
    delay_ms                                 0x0800201d   Thumb Code    72  delay.o(i.delay_ms)
    delay_us                                 0x08002069   Thumb Code    72  delay.o(i.delay_us)
    disk_initialize                          0x080024d1   Thumb Code    30  diskio.o(i.disk_initialize)
    disk_ioctl                               0x080024ef   Thumb Code    34  diskio.o(i.disk_ioctl)
    disk_read                                0x08002511   Thumb Code    54  diskio.o(i.disk_read)
    disk_status                              0x08002547   Thumb Code     6  diskio.o(i.disk_status)
    disk_write                               0x0800254d   Thumb Code    54  diskio.o(i.disk_write)
    drawParten                               0x08002585   Thumb Code   200  main.o(i.drawParten)
    exfuns_init                              0x08002655   Thumb Code   114  main.o(i.exfuns_init)
    f_close                                  0x080026d9   Thumb Code    32  ff.o(i.f_close)
    f_open                                   0x080026f9   Thumb Code   384  ff.o(i.f_open)
    f_sync                                   0x08002879   Thumb Code   176  ff.o(i.f_sync)
    f_write                                  0x08002929   Thumb Code   490  ff.o(i.f_write)
    ff_convert                               0x08002b15   Thumb Code   116  cc936.o(i.ff_convert)
    ff_memalloc                              0x08002b91   Thumb Code    14  diskio.o(i.ff_memalloc)
    ff_memfree                               0x08002b9f   Thumb Code    14  diskio.o(i.ff_memfree)
    ff_wtoupper                              0x08002bad   Thumb Code    46  cc936.o(i.ff_wtoupper)
    fputc                                    0x08003089   Thumb Code    24  uart.o(i.fputc)
    get_fat                                  0x08003171   Thumb Code   242  ff.o(i.get_fat)
    get_fattime                              0x08003263   Thumb Code     4  diskio.o(i.get_fattime)
    main                                     0x080032d1   Thumb Code   120  main.o(i.main)
    my_mem_free                              0x08003439   Thumb Code    96  malloc.o(i.my_mem_free)
    my_mem_init                              0x080034a5   Thumb Code    54  malloc.o(i.my_mem_init)
    my_mem_malloc                            0x080034e9   Thumb Code   156  malloc.o(i.my_mem_malloc)
    my_mem_perused                           0x08003591   Thumb Code    54  malloc.o(i.my_mem_perused)
    myfree                                   0x080035d1   Thumb Code    30  malloc.o(i.myfree)
    mymalloc                                 0x080035f5   Thumb Code    34  malloc.o(i.mymalloc)
    mymemset                                 0x0800361d   Thumb Code    20  malloc.o(i.mymemset)
    put_fat                                  0x08003631   Thumb Code   322  ff.o(i.put_fat)
    asc2_1206                                0x0800395e   Data        1140  font.o(.constdata)
    asc2_1608                                0x08003dd2   Data        1520  font.o(.constdata)
    memtblsize                               0x080043c4   Data           8  malloc.o(.constdata)
    memblksize                               0x080043cc   Data           8  malloc.o(.constdata)
    memsize                                  0x080043d4   Data           8  malloc.o(.constdata)
    Region$$Table$$Base                      0x0802f0e0   Number         0  anon$$obj.o(Region$$Table)
    Region$$Table$$Limit                     0x0802f100   Number         0  anon$$obj.o(Region$$Table)
    x                                        0x20000000   Data           4  main.o(.data)
    y                                        0x20000004   Data           4  main.o(.data)
    color                                    0x20000008   Data           2  main.o(.data)
    fs                                       0x2000000c   Data           8  main.o(.data)
    file                                     0x20000014   Data           4  main.o(.data)
    ftemp                                    0x20000018   Data           4  main.o(.data)
    br                                       0x2000001c   Data           4  main.o(.data)
    bw                                       0x20000020   Data           4  main.o(.data)
    fatbuf                                   0x20000024   Data           4  main.o(.data)
    __stdout                                 0x2000002c   Data           4  uart.o(.data)
    USART_RX_STA                             0x20000030   Data           2  uart.o(.data)
    Handkey                                  0x20000032   Data           2  ps2.o(.data)
    Comd                                     0x20000034   Data           2  ps2.o(.data)
    MASK                                     0x20000036   Data          32  ps2.o(.data)
    W25QXX_TYPE                              0x20000056   Data           2  w25q128.o(.data)
    SystemCoreClock                          0x2000006c   Data           4  system_stm32f10x.o(.data)
    AHBPrescTable                            0x20000070   Data          16  system_stm32f10x.o(.data)
    DrawLimitation                           0x20000080   Data          16  framebox.o(.data)
    Frame                                    0x20000090   Data          80  framebox.o(.data)
    StatePointer                             0x200000e0   Data           1  framebox.o(.data)
    LimitedTimes                             0x200000e1   Data           1  framebox.o(.data)
    mallco_dev                               0x200000e4   Data          28  malloc.o(.data)
    USART_RX_BUF                             0x2000010c   Data         200  uart.o(.bss)
    Data                                     0x200001d4   Data           9  ps2.o(.bss)
    MicroSDDataBuff                          0x200001dd   Data         512  microsd.o(.bss)
    MicroSDInfo                              0x200003dd   Data         116  microsd.o(.bss)
    mem1base                                 0x20000460   Data       20480  malloc.o(.bss)
    mem1mapbase                              0x20005460   Data        1280  malloc.o(.bss)
    __libspace_start                         0x20005960   Data          96  libspace.o(.bss)
    __temporary_stack_top$libspace           0x200059c0   Data           0  libspace.o(.bss)
    mem2base                                 0x68000000   Data          32  malloc.o(.ARM.__AT_0x68000000)
    mem2mapbase                              0x68000020   Data           2  malloc.o(.ARM.__AT_0x68000020)



==============================================================================

Memory Map of the image

  Image Entry point : 0x080000ed

  Load Region LR_IROM1 (Base: 0x08000000, Size: 0x0002f20c, Max: 0x00100000, ABSOLUTE)

    Execution Region ER_IROM1 (Base: 0x08000000, Size: 0x0002f100, Max: 0x00100000, ABSOLUTE)

    Base Addr    Size         Type   Attr      Idx    E Section Name        Object

    0x08000000   0x000000ec   Data   RO          597    RESET               startup_stm32f10x_ld.o
    0x080000ec   0x00000008   Code   RO         2844  * !!!main             c_w.l(__main.o)
    0x080000f4   0x00000034   Code   RO         3076    !!!scatter          c_w.l(__scatter.o)
    0x08000128   0x0000001a   Code   RO         3078    !!handler_copy      c_w.l(__scatter_copy.o)
    0x08000142   0x00000002   PAD
    0x08000144   0x0000001c   Code   RO         3080    !!handler_zi        c_w.l(__scatter_zi.o)
    0x08000160   0x00000000   Code   RO         2839    .ARM.Collect$$_printf_percent$$00000000  c_w.l(_printf_percent.o)
    0x08000160   0x00000006   Code   RO         2838    .ARM.Collect$$_printf_percent$$00000014  c_w.l(_printf_s.o)
    0x08000166   0x00000004   Code   RO         2905    .ARM.Collect$$_printf_percent$$00000017  c_w.l(_printf_percent_end.o)
    0x0800016a   0x00000002   Code   RO         2951    .ARM.Collect$$libinit$$00000000  c_w.l(libinit.o)
    0x0800016c   0x00000000   Code   RO         2958    .ARM.Collect$$libinit$$00000002  c_w.l(libinit2.o)
    0x0800016c   0x00000000   Code   RO         2960    .ARM.Collect$$libinit$$00000004  c_w.l(libinit2.o)
    0x0800016c   0x00000000   Code   RO         2963    .ARM.Collect$$libinit$$0000000A  c_w.l(libinit2.o)
    0x0800016c   0x00000000   Code   RO         2965    .ARM.Collect$$libinit$$0000000C  c_w.l(libinit2.o)
    0x0800016c   0x00000000   Code   RO         2967    .ARM.Collect$$libinit$$0000000E  c_w.l(libinit2.o)
    0x0800016c   0x00000000   Code   RO         2970    .ARM.Collect$$libinit$$00000011  c_w.l(libinit2.o)
    0x0800016c   0x00000000   Code   RO         2972    .ARM.Collect$$libinit$$00000013  c_w.l(libinit2.o)
    0x0800016c   0x00000000   Code   RO         2974    .ARM.Collect$$libinit$$00000015  c_w.l(libinit2.o)
    0x0800016c   0x00000000   Code   RO         2976    .ARM.Collect$$libinit$$00000017  c_w.l(libinit2.o)
    0x0800016c   0x00000000   Code   RO         2978    .ARM.Collect$$libinit$$00000019  c_w.l(libinit2.o)
    0x0800016c   0x00000000   Code   RO         2980    .ARM.Collect$$libinit$$0000001B  c_w.l(libinit2.o)
    0x0800016c   0x00000000   Code   RO         2982    .ARM.Collect$$libinit$$0000001D  c_w.l(libinit2.o)
    0x0800016c   0x00000000   Code   RO         2984    .ARM.Collect$$libinit$$0000001F  c_w.l(libinit2.o)
    0x0800016c   0x00000000   Code   RO         2986    .ARM.Collect$$libinit$$00000021  c_w.l(libinit2.o)
    0x0800016c   0x00000000   Code   RO         2988    .ARM.Collect$$libinit$$00000023  c_w.l(libinit2.o)
    0x0800016c   0x00000000   Code   RO         2990    .ARM.Collect$$libinit$$00000025  c_w.l(libinit2.o)
    0x0800016c   0x00000000   Code   RO         2994    .ARM.Collect$$libinit$$0000002C  c_w.l(libinit2.o)
    0x0800016c   0x00000000   Code   RO         2996    .ARM.Collect$$libinit$$0000002E  c_w.l(libinit2.o)
    0x0800016c   0x00000000   Code   RO         2998    .ARM.Collect$$libinit$$00000030  c_w.l(libinit2.o)
    0x0800016c   0x00000000   Code   RO         3000    .ARM.Collect$$libinit$$00000032  c_w.l(libinit2.o)
    0x0800016c   0x00000002   Code   RO         3001    .ARM.Collect$$libinit$$00000033  c_w.l(libinit2.o)
    0x0800016e   0x00000002   Code   RO         3019    .ARM.Collect$$libshutdown$$00000000  c_w.l(libshutdown.o)
    0x08000170   0x00000000   Code   RO         3030    .ARM.Collect$$libshutdown$$00000003  c_w.l(libshutdown2.o)
    0x08000170   0x00000000   Code   RO         3033    .ARM.Collect$$libshutdown$$00000006  c_w.l(libshutdown2.o)
    0x08000170   0x00000000   Code   RO         3036    .ARM.Collect$$libshutdown$$00000009  c_w.l(libshutdown2.o)
    0x08000170   0x00000000   Code   RO         3038    .ARM.Collect$$libshutdown$$0000000B  c_w.l(libshutdown2.o)
    0x08000170   0x00000000   Code   RO         3041    .ARM.Collect$$libshutdown$$0000000E  c_w.l(libshutdown2.o)
    0x08000170   0x00000002   Code   RO         3042    .ARM.Collect$$libshutdown$$0000000F  c_w.l(libshutdown2.o)
    0x08000172   0x00000000   Code   RO         2900    .ARM.Collect$$rtentry$$00000000  c_w.l(__rtentry.o)
    0x08000172   0x00000000   Code   RO         2920    .ARM.Collect$$rtentry$$00000002  c_w.l(__rtentry2.o)
    0x08000172   0x00000006   Code   RO         2932    .ARM.Collect$$rtentry$$00000004  c_w.l(__rtentry4.o)
    0x08000178   0x00000000   Code   RO         2922    .ARM.Collect$$rtentry$$00000009  c_w.l(__rtentry2.o)
    0x08000178   0x00000004   Code   RO         2923    .ARM.Collect$$rtentry$$0000000A  c_w.l(__rtentry2.o)
    0x0800017c   0x00000000   Code   RO         2925    .ARM.Collect$$rtentry$$0000000C  c_w.l(__rtentry2.o)
    0x0800017c   0x00000008   Code   RO         2926    .ARM.Collect$$rtentry$$0000000D  c_w.l(__rtentry2.o)
    0x08000184   0x00000002   Code   RO         2955    .ARM.Collect$$rtexit$$00000000  c_w.l(rtexit.o)
    0x08000186   0x00000000   Code   RO         3003    .ARM.Collect$$rtexit$$00000002  c_w.l(rtexit2.o)
    0x08000186   0x00000004   Code   RO         3004    .ARM.Collect$$rtexit$$00000003  c_w.l(rtexit2.o)
    0x0800018a   0x00000006   Code   RO         3005    .ARM.Collect$$rtexit$$00000004  c_w.l(rtexit2.o)
    0x08000190   0x00000040   Code   RO          598    .text               startup_stm32f10x_ld.o
    0x080001d0   0x00000002   Code   RO         2808    .text               c_w.l(use_no_semi_2.o)
    0x080001d2   0x00000002   PAD
    0x080001d4   0x00000018   Code   RO         2812    .text               c_w.l(noretval__2printf.o)
    0x080001ec   0x00000068   Code   RO         2814    .text               c_w.l(__printf.o)
    0x08000254   0x00000052   Code   RO         2816    .text               c_w.l(_printf_str.o)
    0x080002a6   0x0000004e   Code   RO         2840    .text               c_w.l(rt_memclr_w.o)
    0x080002f4   0x00000006   Code   RO         2842    .text               c_w.l(heapauxi.o)
    0x080002fa   0x00000002   Code   RO         2898    .text               c_w.l(use_no_semi.o)
    0x080002fc   0x0000002c   Code   RO         2901    .text               c_w.l(_printf_char.o)
    0x08000328   0x00000024   Code   RO         2903    .text               c_w.l(_printf_char_file.o)
    0x0800034c   0x00000030   Code   RO         2934    .text               c_w.l(_printf_char_common.o)
    0x0800037c   0x00000008   Code   RO         2936    .text               c_w.l(ferror.o)
    0x08000384   0x0000004a   Code   RO         2940    .text               c_w.l(sys_stackheap_outer.o)
    0x080003ce   0x0000000c   Code   RO         2944    .text               c_w.l(exit.o)
    0x080003da   0x00000002   PAD
    0x080003dc   0x00000008   Code   RO         2952    .text               c_w.l(libspace.o)
    0x080003e4   0x00000004   Code   RO          993    i.BusFault_Handler  stm32f10x_it.o
    0x080003e8   0x00000002   Code   RO          994    i.DebugMon_Handler  stm32f10x_it.o
    0x080003ea   0x00000002   PAD
    0x080003ec   0x00000034   Code   RO         2203    i.FrameClear        framebox.o
    0x08000420   0x00000088   Code   RO         2204    i.FrameDrawCircle   framebox.o
    0x080004a8   0x000000ac   Code   RO         2205    i.FrameDrawLine     framebox.o
    0x08000554   0x00000040   Code   RO         2206    i.FrameDrawPoint    framebox.o
    0x08000594   0x0000004a   Code   RO         2207    i.FrameDrawRectangle  framebox.o
    0x080005de   0x00000036   Code   RO         2208    i.FrameFullAera     framebox.o
    0x08000614   0x000000a8   Code   RO         2209    i.FrameShowChar     framebox.o
    0x080006bc   0x00000068   Code   RO         2210    i.FrameShowString   framebox.o
    0x08000724   0x00000068   Code   RO            1    i.FrameTest         main.o
    0x0800078c   0x00000116   Code   RO         1062    i.GPIO_Init         stm32f10x_gpio.o
    0x080008a2   0x00000004   Code   RO         1069    i.GPIO_ResetBits    stm32f10x_gpio.o
    0x080008a6   0x00000004   Code   RO         1070    i.GPIO_SetBits      stm32f10x_gpio.o
    0x080008aa   0x00000004   Code   RO          995    i.HardFault_Handler  stm32f10x_it.o
    0x080008ae   0x00000032   Code   RO          603    i.Init              init.o
    0x080008e0   0x0000022c   Code   RO          529    i.LCDInit           lcd.o
    0x08000b0c   0x0000001c   Code   RO          530    i.LCD_DrawPoint     lcd.o
    0x08000b28   0x00000038   Code   RO          531    i.LCD_Pin_Init      lcd.o
    0x08000b60   0x00000030   Code   RO          532    i.LCD_SetCursor     lcd.o
    0x08000b90   0x00000030   Code   RO          533    i.LCD_WR_CMD        lcd.o
    0x08000bc0   0x00000034   Code   RO          535    i.LCD_WR_DATA       lcd.o
    0x08000bf4   0x00000030   Code   RO          536    i.LCD_WR_DATA8      lcd.o
    0x08000c24   0x0000000a   Code   RO          537    i.LCD_WriteRAM_Prepare  lcd.o
    0x08000c2e   0x00000002   PAD
    0x08000c30   0x00000038   Code   RO          210    i.LEDInit           led.o
    0x08000c68   0x00000014   Code   RO          211    i.LEDOff            led.o
    0x08000c7c   0x00000014   Code   RO          212    i.LEDOn             led.o
    0x08000c90   0x00000004   Code   RO          996    i.MemManage_Handler  stm32f10x_it.o
    0x08000c94   0x00000034   Code   RO            2    i.MicroSDTest       main.o
    0x08000cc8   0x00000002   Code   RO          997    i.NMI_Handler       stm32f10x_it.o
    0x08000cca   0x00000002   PAD
    0x08000ccc   0x00000070   Code   RO          615    i.NVIC_Init         misc.o
    0x08000d3c   0x00000018   Code   RO          277    i.PS2_ClearData     ps2.o
    0x08000d54   0x00000088   Code   RO          278    i.PS2_Cmd           ps2.o
    0x08000ddc   0x00000054   Code   RO          279    i.PS2_DataKey       ps2.o
    0x08000e30   0x0000004c   Code   RO          280    i.PS2_Init          ps2.o
    0x08000e7c   0x000000b0   Code   RO          281    i.PS2_ReadData      ps2.o
    0x08000f2c   0x00000040   Code   RO          282    i.PS2_RedLight      ps2.o
    0x08000f6c   0x00000002   Code   RO          998    i.PendSV_Handler    stm32f10x_it.o
    0x08000f6e   0x00000002   PAD
    0x08000f70   0x00000020   Code   RO          695    i.RCC_APB1PeriphClockCmd  stm32f10x_rcc.o
    0x08000f90   0x00000020   Code   RO          697    i.RCC_APB2PeriphClockCmd  stm32f10x_rcc.o
    0x08000fb0   0x000000d4   Code   RO          705    i.RCC_GetClocksFreq  stm32f10x_rcc.o
    0x08001084   0x00000064   Code   RO          380    i.ReadSectorFromMicroSD  microsd.o
    0x080010e8   0x00000014   Code   RO          381    i.ReadSectorsFromMicroSD  microsd.o
    0x080010fc   0x000000a4   Code   RO          382    i.SD_Init           microsd.o
    0x080011a0   0x00000090   Code   RO          332    i.SPI1_Init         spi.o
    0x08001230   0x00000054   Code   RO          333    i.SPI1_ReadWriteByte  spi.o
    0x08001284   0x00000028   Code   RO          334    i.SPI1_SetSpeed     spi.o
    0x080012ac   0x00000094   Code   RO          335    i.SPI2_Init         spi.o
    0x08001340   0x00000054   Code   RO          336    i.SPI2_ReadWriteByte  spi.o
    0x08001394   0x00000028   Code   RO          337    i.SPI2_SetSpeed     spi.o
    0x080013bc   0x00000018   Code   RO         1965    i.SPI_Cmd           stm32f10x_spi.o
    0x080013d4   0x00000012   Code   RO         1973    i.SPI_I2S_GetFlagStatus  stm32f10x_spi.o
    0x080013e6   0x00000006   Code   RO         1976    i.SPI_I2S_ReceiveData  stm32f10x_spi.o
    0x080013ec   0x00000004   Code   RO         1977    i.SPI_I2S_SendData  stm32f10x_spi.o
    0x080013f0   0x0000003c   Code   RO         1978    i.SPI_Init          stm32f10x_spi.o
    0x0800142c   0x00000022   Code   RO          338    i.SPI_WriteByte     spi.o
    0x0800144e   0x00000002   Code   RO          999    i.SVC_Handler       stm32f10x_it.o
    0x08001450   0x00000014   Code   RO          538    i.SentBit           lcd.o
    0x08001464   0x0000006c   Code   RO          383    i.SentCommandToMicroSD  microsd.o
    0x080014d0   0x0000000c   Code   RO         2214    i.SetFrontColor     framebox.o
    0x080014dc   0x00000008   Code   RO         1746    i.SetSysClock       system_stm32f10x.o
    0x080014e4   0x000000e0   Code   RO         1747    i.SetSysClockTo72   system_stm32f10x.o
    0x080015c4   0x00000028   Code   RO          619    i.SysTick_CLKSourceConfig  misc.o
    0x080015ec   0x00000002   Code   RO         1000    i.SysTick_Handler   stm32f10x_it.o
    0x080015ee   0x00000002   PAD
    0x080015f0   0x00000060   Code   RO         1749    i.SystemInit        system_stm32f10x.o
    0x08001650   0x00000098   Code   RO          234    i.USART1_IRQHandler  uart.o
    0x080016e8   0x00000018   Code   RO         1784    i.USART_Cmd         stm32f10x_usart.o
    0x08001700   0x00000054   Code   RO         1788    i.USART_GetITStatus  stm32f10x_usart.o
    0x08001754   0x0000004a   Code   RO         1790    i.USART_ITConfig    stm32f10x_usart.o
    0x0800179e   0x00000002   PAD
    0x080017a0   0x000000d8   Code   RO         1791    i.USART_Init        stm32f10x_usart.o
    0x08001878   0x0000000a   Code   RO         1798    i.USART_ReceiveData  stm32f10x_usart.o
    0x08001882   0x00000004   Code   RO         1001    i.UsageFault_Handler  stm32f10x_it.o
    0x08001886   0x00000002   PAD
    0x08001888   0x000000a0   Code   RO          235    i.UsartInit         uart.o
    0x08001928   0x00000034   Code   RO            3    i.W25Q128Test       main.o
    0x0800195c   0x00000054   Code   RO          427    i.W25QXX_Init       w25q128.o
    0x080019b0   0x00000058   Code   RO          429    i.W25QXX_Read       w25q128.o
    0x08001a08   0x0000004c   Code   RO          430    i.W25QXX_ReadID     w25q128.o
    0x08001a54   0x000000a0   Code   RO          384    i.WriteSectorToMicroSD  microsd.o
    0x08001af4   0x00000014   Code   RO          385    i.WriteSectorsToMicroSD  microsd.o
    0x08001b08   0x00000006   Code   RO          236    i._sys_exit         uart.o
    0x08001b0e   0x00000002   PAD
    0x08001b10   0x00000090   Code   RO         2434    i.check_fs          ff.o
    0x08001ba0   0x00000014   Code   RO         2435    i.chk_chr           ff.o
    0x08001bb4   0x00000032   Code   RO         2436    i.clmt_clust        ff.o
    0x08001be6   0x0000001a   Code   RO         2437    i.clust2sect        ff.o
    0x08001c00   0x00000090   Code   RO         2438    i.cmp_lfn           ff.o
    0x08001c90   0x000000d6   Code   RO         2439    i.create_chain      ff.o
    0x08001d66   0x00000002   PAD
    0x08001d68   0x00000270   Code   RO         2440    i.create_name       ff.o
    0x08001fd8   0x00000044   Code   RO          178    i.delay_init        delay.o
    0x0800201c   0x0000004c   Code   RO          180    i.delay_ms          delay.o
    0x08002068   0x0000004c   Code   RO          181    i.delay_us          delay.o
    0x080020b4   0x0000005c   Code   RO         2441    i.dir_alloc         ff.o
    0x08002110   0x000000ea   Code   RO         2442    i.dir_find          ff.o
    0x080021fa   0x0000010e   Code   RO         2443    i.dir_next          ff.o
    0x08002308   0x0000012a   Code   RO         2445    i.dir_register      ff.o
    0x08002432   0x0000009e   Code   RO         2447    i.dir_sdi           ff.o
    0x080024d0   0x0000001e   Code   RO         2377    i.disk_initialize   diskio.o
    0x080024ee   0x00000022   Code   RO         2378    i.disk_ioctl        diskio.o
    0x08002510   0x00000036   Code   RO         2379    i.disk_read         diskio.o
    0x08002546   0x00000006   Code   RO         2380    i.disk_status       diskio.o
    0x0800254c   0x00000036   Code   RO         2381    i.disk_write        diskio.o
    0x08002582   0x00000002   PAD
    0x08002584   0x000000d0   Code   RO            4    i.drawParten        main.o
    0x08002654   0x00000084   Code   RO            5    i.exfuns_init       main.o
    0x080026d8   0x00000020   Code   RO         2449    i.f_close           ff.o
    0x080026f8   0x00000180   Code   RO         2458    i.f_open            ff.o
    0x08002878   0x000000b0   Code   RO         2468    i.f_sync            ff.o
    0x08002928   0x000001ea   Code   RO         2472    i.f_write           ff.o
    0x08002b12   0x00000002   PAD
    0x08002b14   0x0000007c   Code   RO         2777    i.ff_convert        cc936.o
    0x08002b90   0x0000000e   Code   RO         2382    i.ff_memalloc       diskio.o
    0x08002b9e   0x0000000e   Code   RO         2383    i.ff_memfree        diskio.o
    0x08002bac   0x00000038   Code   RO         2778    i.ff_wtoupper       cc936.o
    0x08002be4   0x00000394   Code   RO         2473    i.find_volume       ff.o
    0x08002f78   0x00000080   Code   RO         2474    i.fit_lfn           ff.o
    0x08002ff8   0x00000090   Code   RO         2475    i.follow_path       ff.o
    0x08003088   0x0000001c   Code   RO          237    i.fputc             uart.o
    0x080030a4   0x000000cc   Code   RO         2476    i.gen_numname       ff.o
    0x08003170   0x000000f2   Code   RO         2477    i.get_fat           ff.o
    0x08003262   0x00000004   Code   RO         2384    i.get_fattime       diskio.o
    0x08003266   0x0000004a   Code   RO         2479    i.get_ldnumber      ff.o
    0x080032b0   0x00000020   Code   RO         2480    i.ld_clust          ff.o
    0x080032d0   0x000000e0   Code   RO            6    i.main              main.o
    0x080033b0   0x00000026   Code   RO         2481    i.mem_cmp           ff.o
    0x080033d6   0x0000001a   Code   RO         2482    i.mem_cpy           ff.o
    0x080033f0   0x00000014   Code   RO         2483    i.mem_set           ff.o
    0x08003404   0x00000034   Code   RO         2484    i.move_window       ff.o
    0x08003438   0x0000006c   Code   RO         2307    i.my_mem_free       malloc.o
    0x080034a4   0x00000044   Code   RO         2308    i.my_mem_init       malloc.o
    0x080034e8   0x000000a8   Code   RO         2309    i.my_mem_malloc     malloc.o
    0x08003590   0x00000040   Code   RO         2310    i.my_mem_perused    malloc.o
    0x080035d0   0x00000024   Code   RO         2311    i.myfree            malloc.o
    0x080035f4   0x00000028   Code   RO         2312    i.mymalloc          malloc.o
    0x0800361c   0x00000014   Code   RO         2314    i.mymemset          malloc.o
    0x08003630   0x00000142   Code   RO         2486    i.put_fat           ff.o
    0x08003772   0x0000006c   Code   RO         2488    i.remove_chain      ff.o
    0x080037de   0x00000010   Code   RO         2489    i.st_clust          ff.o
    0x080037ee   0x00000020   Code   RO         2490    i.sum_sfn           ff.o
    0x0800380e   0x000000c8   Code   RO         2491    i.sync_fs           ff.o
    0x080038d6   0x00000052   Code   RO         2492    i.sync_window       ff.o
    0x08003928   0x00000036   Code   RO         2493    i.validate          ff.o
    0x0800395e   0x00000a64   Data   RO         2298    .constdata          font.o
    0x080043c2   0x00000002   PAD
    0x080043c4   0x00000018   Data   RO         2319    .constdata          malloc.o
    0x080043dc   0x0000003a   Data   RO         2494    .constdata          ff.o
    0x08004416   0x0002acc8   Data   RO         2779    .constdata          cc936.o
    0x0802f0de   0x00000002   PAD
    0x0802f0e0   0x00000020   Data   RO         3074    Region$$Table       anon$$obj.o


    Execution Region RW_IRAM1 (Base: 0x20000000, Size: 0x00005fc0, Max: 0x00018000, ABSOLUTE)

    Base Addr    Size         Type   Attr      Idx    E Section Name        Object

    0x20000000   0x00000028   Data   RW            8    .data               main.o
    0x20000028   0x00000004   Data   RW          182    .data               delay.o
    0x2000002c   0x00000006   Data   RW          239    .data               uart.o
    0x20000032   0x00000024   Data   RW          284    .data               ps2.o
    0x20000056   0x00000002   Data   RW          441    .data               w25q128.o
    0x20000058   0x00000014   Data   RW          725    .data               stm32f10x_rcc.o
    0x2000006c   0x00000014   Data   RW         1750    .data               system_stm32f10x.o
    0x20000080   0x00000062   Data   RW         2218    .data               framebox.o
    0x200000e2   0x00000002   PAD
    0x200000e4   0x0000001c   Data   RW         2320    .data               malloc.o
    0x20000100   0x0000000a   Data   RW         2495    .data               ff.o
    0x2000010a   0x00000002   PAD
    0x2000010c   0x000000c8   Zero   RW          238    .bss                uart.o
    0x200001d4   0x00000009   Zero   RW          283    .bss                ps2.o
    0x200001dd   0x00000274   Zero   RW          386    .bss                microsd.o
    0x20000451   0x0000000f   PAD
    0x20000460   0x00005500   Zero   RW         2318    .bss                malloc.o
    0x20005960   0x00000060   Zero   RW         2953    .bss                c_w.l(libspace.o)
    0x200059c0   0x00000200   Zero   RW          596    HEAP                startup_stm32f10x_ld.o
    0x20005bc0   0x00000400   Zero   RW          595    STACK               startup_stm32f10x_ld.o



  Load Region LR$$.ARM.__AT_0x68000000 (Base: 0x68000000, Size: 0x00000000, Max: 0x00000020, ABSOLUTE)

    Execution Region ER$$.ARM.__AT_0x68000000 (Base: 0x68000000, Size: 0x00000020, Max: 0x00000020, ABSOLUTE, UNINIT)

    Base Addr    Size         Type   Attr      Idx    E Section Name        Object

    0x68000000   0x00000020   Zero   RW         2316    .ARM.__AT_0x68000000  malloc.o



  Load Region LR$$.ARM.__AT_0x68000020 (Base: 0x68000020, Size: 0x00000000, Max: 0x00000004, ABSOLUTE)

    Execution Region ER$$.ARM.__AT_0x68000020 (Base: 0x68000020, Size: 0x00000004, Max: 0x00000004, ABSOLUTE, UNINIT)

    Base Addr    Size         Type   Attr      Idx    E Section Name        Object

    0x68000020   0x00000002   Zero   RW         2317    .ARM.__AT_0x68000020  malloc.o


==============================================================================

Image component sizes


      Code (inc. data)   RO Data    RW Data    ZI Data      Debug   Object Name

       180         18     175304          0          0       2315   cc936.o
       220         26          0          4          0       1603   delay.o
       210          0          0          0          0       5463   diskio.o
      6046         58         58         10          0      31784   ff.o
         0          0       2660          0          0        542   font.o
       836         30          0         98          0       7161   framebox.o
        50          0          0          0          0        467   init.o
       866         34          0          0          0       4704   lcd.o
        96         18          0          0          0       1295   led.o
       772        202          0         40          0     246736   main.o
       504         60         24         28      21794       5741   malloc.o
       572         24          0          0        628       5199   microsd.o
       152         12          0          0          0       1398   misc.o
       560         70          0         36          9       3822   ps2.o
       574         38          0          0          0       4218   spi.o
        64         26        236          0       1536        812   startup_stm32f10x_ld.o
       286          0          0          0          0       2832   stm32f10x_gpio.o
        26          0          0          0          0       3710   stm32f10x_it.o
       276         32          0         20          0       4206   stm32f10x_rcc.o
       112          0          0          0          0       3526   stm32f10x_spi.o
       408          6          0          0          0       4666   stm32f10x_usart.o
       328         28          0         20          0       2085   system_stm32f10x.o
       346         26          0          6        200       4032   uart.o
       248         22          0          2          0       2196   w25q128.o

    ----------------------------------------------------------------------
     13754        730     178318        268      24184     350513   Object Totals
         0          0         32          0          0          0   (incl. Generated)
        22          0          4          4         17          0   (incl. Padding)

    ----------------------------------------------------------------------

      Code (inc. data)   RO Data    RW Data    ZI Data      Debug   Library Member Name

         8          0          0          0          0         68   __main.o
       104          0          0          0          0         84   __printf.o
         0          0          0          0          0          0   __rtentry.o
        12          0          0          0          0          0   __rtentry2.o
         6          0          0          0          0          0   __rtentry4.o
        52          8          0          0          0          0   __scatter.o
        26          0          0          0          0          0   __scatter_copy.o
        28          0          0          0          0          0   __scatter_zi.o
        44          0          0          0          0        108   _printf_char.o
        48          6          0          0          0         96   _printf_char_common.o
        36          4          0          0          0         80   _printf_char_file.o
         0          0          0          0          0          0   _printf_percent.o
         4          0          0          0          0          0   _printf_percent_end.o
         6          0          0          0          0          0   _printf_s.o
        82          0          0          0          0         80   _printf_str.o
        12          0          0          0          0         72   exit.o
         8          0          0          0          0         68   ferror.o
         6          0          0          0          0        152   heapauxi.o
         2          0          0          0          0          0   libinit.o
         2          0          0          0          0          0   libinit2.o
         2          0          0          0          0          0   libshutdown.o
         2          0          0          0          0          0   libshutdown2.o
         8          4          0          0         96         68   libspace.o
        24          4          0          0          0         84   noretval__2printf.o
        78          0          0          0          0         80   rt_memclr_w.o
         2          0          0          0          0          0   rtexit.o
        10          0          0          0          0          0   rtexit2.o
        74          0          0          0          0         80   sys_stackheap_outer.o
         2          0          0          0          0         68   use_no_semi.o
         2          0          0          0          0         68   use_no_semi_2.o

    ----------------------------------------------------------------------
       696         26          0          0         96       1256   Library Totals
         6          0          0          0          0          0   (incl. Padding)

    ----------------------------------------------------------------------

      Code (inc. data)   RO Data    RW Data    ZI Data      Debug   Library Name

       690         26          0          0         96       1256   c_w.l

    ----------------------------------------------------------------------
       696         26          0          0         96       1256   Library Totals

    ----------------------------------------------------------------------

==============================================================================


      Code (inc. data)   RO Data    RW Data    ZI Data      Debug   

     14450        756     178318        268      24280     344277   Grand Totals
     14450        756     178318        268      24280     344277   ELF Image Totals
     14450        756     178318        268          0          0   ROM Totals

==============================================================================

    Total RO  Size (Code + RO Data)               192768 ( 188.25kB)
    Total RW  Size (RW Data + ZI Data)             24548 (  23.97kB)
    Total ROM Size (Code + RO Data + RW Data)     193036 ( 188.51kB)

==============================================================================

